Archive member included to satisfy reference by file (symbol)

C:/Program Files (x86)/Arm GNU Toolchain arm-none-eabi/13.2 Rel1/bin/../lib/gcc/arm-none-eabi/13.2.1/thumb/v7e-m/nofp\libc_nano.a(libc_a-exit.o)
                              C:/Program Files (x86)/Arm GNU Toolchain arm-none-eabi/13.2 Rel1/bin/../lib/gcc/arm-none-eabi/13.2.1/thumb/v7e-m/nofp/crt0.o (exit)
C:/Program Files (x86)/Arm GNU Toolchain arm-none-eabi/13.2 Rel1/bin/../lib/gcc/arm-none-eabi/13.2.1/thumb/v7e-m/nofp\libc_nano.a(libc_a-findfp.o)
                              C:/Program Files (x86)/Arm GNU Toolchain arm-none-eabi/13.2 Rel1/bin/../lib/gcc/arm-none-eabi/13.2.1/thumb/v7e-m/nofp\libc_nano.a(libc_a-exit.o) (__stdio_exit_handler)
C:/Program Files (x86)/Arm GNU Toolchain arm-none-eabi/13.2 Rel1/bin/../lib/gcc/arm-none-eabi/13.2.1/thumb/v7e-m/nofp\libc_nano.a(libc_a-fwalk.o)
                              C:/Program Files (x86)/Arm GNU Toolchain arm-none-eabi/13.2 Rel1/bin/../lib/gcc/arm-none-eabi/13.2.1/thumb/v7e-m/nofp\libc_nano.a(libc_a-findfp.o) (_fwalk_sglue)
C:/Program Files (x86)/Arm GNU Toolchain arm-none-eabi/13.2 Rel1/bin/../lib/gcc/arm-none-eabi/13.2.1/thumb/v7e-m/nofp\libc_nano.a(libc_a-stdio.o)
                              C:/Program Files (x86)/Arm GNU Toolchain arm-none-eabi/13.2 Rel1/bin/../lib/gcc/arm-none-eabi/13.2.1/thumb/v7e-m/nofp\libc_nano.a(libc_a-findfp.o) (__sread)
C:/Program Files (x86)/Arm GNU Toolchain arm-none-eabi/13.2 Rel1/bin/../lib/gcc/arm-none-eabi/13.2.1/thumb/v7e-m/nofp\libc_nano.a(libc_a-memset.o)
                              C:/Program Files (x86)/Arm GNU Toolchain arm-none-eabi/13.2 Rel1/bin/../lib/gcc/arm-none-eabi/13.2.1/thumb/v7e-m/nofp/crt0.o (memset)
C:/Program Files (x86)/Arm GNU Toolchain arm-none-eabi/13.2 Rel1/bin/../lib/gcc/arm-none-eabi/13.2.1/thumb/v7e-m/nofp\libc_nano.a(libc_a-closer.o)
                              C:/Program Files (x86)/Arm GNU Toolchain arm-none-eabi/13.2 Rel1/bin/../lib/gcc/arm-none-eabi/13.2.1/thumb/v7e-m/nofp\libc_nano.a(libc_a-stdio.o) (_close_r)
C:/Program Files (x86)/Arm GNU Toolchain arm-none-eabi/13.2 Rel1/bin/../lib/gcc/arm-none-eabi/13.2.1/thumb/v7e-m/nofp\libc_nano.a(libc_a-reent.o)
                              C:/Program Files (x86)/Arm GNU Toolchain arm-none-eabi/13.2 Rel1/bin/../lib/gcc/arm-none-eabi/13.2.1/thumb/v7e-m/nofp\libc_nano.a(libc_a-closer.o) (errno)
C:/Program Files (x86)/Arm GNU Toolchain arm-none-eabi/13.2 Rel1/bin/../lib/gcc/arm-none-eabi/13.2.1/thumb/v7e-m/nofp\libc_nano.a(libc_a-impure.o)
                              C:/Program Files (x86)/Arm GNU Toolchain arm-none-eabi/13.2 Rel1/bin/../lib/gcc/arm-none-eabi/13.2.1/thumb/v7e-m/nofp\libc_nano.a(libc_a-reent.o) (_impure_ptr)
C:/Program Files (x86)/Arm GNU Toolchain arm-none-eabi/13.2 Rel1/bin/../lib/gcc/arm-none-eabi/13.2.1/thumb/v7e-m/nofp\libc_nano.a(libc_a-lseekr.o)
                              C:/Program Files (x86)/Arm GNU Toolchain arm-none-eabi/13.2 Rel1/bin/../lib/gcc/arm-none-eabi/13.2.1/thumb/v7e-m/nofp\libc_nano.a(libc_a-stdio.o) (_lseek_r)
C:/Program Files (x86)/Arm GNU Toolchain arm-none-eabi/13.2 Rel1/bin/../lib/gcc/arm-none-eabi/13.2.1/thumb/v7e-m/nofp\libc_nano.a(libc_a-readr.o)
                              C:/Program Files (x86)/Arm GNU Toolchain arm-none-eabi/13.2 Rel1/bin/../lib/gcc/arm-none-eabi/13.2.1/thumb/v7e-m/nofp\libc_nano.a(libc_a-stdio.o) (_read_r)
C:/Program Files (x86)/Arm GNU Toolchain arm-none-eabi/13.2 Rel1/bin/../lib/gcc/arm-none-eabi/13.2.1/thumb/v7e-m/nofp\libc_nano.a(libc_a-writer.o)
                              C:/Program Files (x86)/Arm GNU Toolchain arm-none-eabi/13.2 Rel1/bin/../lib/gcc/arm-none-eabi/13.2.1/thumb/v7e-m/nofp\libc_nano.a(libc_a-stdio.o) (_write_r)
C:/Program Files (x86)/Arm GNU Toolchain arm-none-eabi/13.2 Rel1/bin/../lib/gcc/arm-none-eabi/13.2.1/thumb/v7e-m/nofp\libc_nano.a(libc_a-init.o)
                              C:/Program Files (x86)/Arm GNU Toolchain arm-none-eabi/13.2 Rel1/bin/../lib/gcc/arm-none-eabi/13.2.1/thumb/v7e-m/nofp/crt0.o (__libc_init_array)
C:/Program Files (x86)/Arm GNU Toolchain arm-none-eabi/13.2 Rel1/bin/../lib/gcc/arm-none-eabi/13.2.1/thumb/v7e-m/nofp\libc_nano.a(libc_a-lock.o)
                              C:/Program Files (x86)/Arm GNU Toolchain arm-none-eabi/13.2 Rel1/bin/../lib/gcc/arm-none-eabi/13.2.1/thumb/v7e-m/nofp\libc_nano.a(libc_a-findfp.o) (__retarget_lock_init_recursive)
C:/Program Files (x86)/Arm GNU Toolchain arm-none-eabi/13.2 Rel1/bin/../lib/gcc/arm-none-eabi/13.2.1/thumb/v7e-m/nofp\libc_nano.a(libc_a-freer.o)
                              C:/Program Files (x86)/Arm GNU Toolchain arm-none-eabi/13.2 Rel1/bin/../lib/gcc/arm-none-eabi/13.2.1/thumb/v7e-m/nofp\libc_nano.a(libc_a-reent.o) (_free_r)
C:/Program Files (x86)/Arm GNU Toolchain arm-none-eabi/13.2 Rel1/bin/../lib/gcc/arm-none-eabi/13.2.1/thumb/v7e-m/nofp\libc_nano.a(libc_a-mallocr.o)
[...]
Memory Configuration

Name             Origin             Length             Attributes
FLASH            0x00000000         0x00040000         xr
RAM              0x20000000         0x00020000         xrw
*default*        0x00000000         0xffffffff

Linker script and memory map

LOAD C:/Program Files (x86)/Arm GNU Toolchain arm-none-eabi/13.2 Rel1/bin/../lib/gcc/arm-none-eabi/13.2.1/thumb/v7e-m/nofp/crti.o
LOAD C:/Program Files (x86)/Arm GNU Toolchain arm-none-eabi/13.2 Rel1/bin/../lib/gcc/arm-none-eabi/13.2.1/thumb/v7e-m/nofp/crtbegin.o
LOAD C:/Program Files (x86)/Arm GNU Toolchain arm-none-eabi/13.2 Rel1/bin/../lib/gcc/arm-none-eabi/13.2.1/thumb/v7e-m/nofp/crt0.o
START GROUP
LOAD C:/Program Files (x86)/Arm GNU Toolchain arm-none-eabi/13.2 Rel1/bin/../lib/gcc/arm-none-eabi/13.2.1/thumb/v7e-m/nofp\libstdc++_nano.a
END GROUP
LOAD CMakeFiles/cpptest.dir/CMSIS/GD/GD32F30x/Source/system_gd32f30x.c.obj
LOAD CMakeFiles/cpptest.dir/GD32F30x_standard_peripheral/Source/gd32f30x_adc.c.obj
LOAD CMakeFiles/cpptest.dir/GD32F30x_standard_peripheral/Source/gd32f30x_bkp.c.obj
LOAD CMakeFiles/cpptest.dir/GD32F30x_standard_peripheral/Source/gd32f30x_can.c.obj
LOAD CMakeFiles/cpptest.dir/GD32F30x_standard_peripheral/Source/gd32f30x_crc.c.obj
LOAD CMakeFiles/cpptest.dir/GD32F30x_standard_peripheral/Source/gd32f30x_ctc.c.obj
LOAD CMakeFiles/cpptest.dir/GD32F30x_standard_peripheral/Source/gd32f30x_dac.c.obj
LOAD CMakeFiles/cpptest.dir/GD32F30x_standard_peripheral/Source/gd32f30x_dbg.c.obj
LOAD CMakeFiles/cpptest.dir/GD32F30x_standard_peripheral/Source/gd32f30x_dma.c.obj
LOAD CMakeFiles/cpptest.dir/GD32F30x_standard_peripheral/Source/gd32f30x_enet.c.obj
LOAD CMakeFiles/cpptest.dir/GD32F30x_standard_peripheral/Source/gd32f30x_exmc.c.obj
LOAD CMakeFiles/cpptest.dir/GD32F30x_standard_peripheral/Source/gd32f30x_exti.c.obj
LOAD CMakeFiles/cpptest.dir/GD32F30x_standard_peripheral/Source/gd32f30x_fmc.c.obj
LOAD CMakeFiles/cpptest.dir/GD32F30x_standard_peripheral/Source/gd32f30x_fwdgt.c.obj
LOAD CMakeFiles/cpptest.dir/GD32F30x_standard_peripheral/Source/gd32f30x_gpio.c.obj
LOAD CMakeFiles/cpptest.dir/GD32F30x_standard_peripheral/Source/gd32f30x_i2c.c.obj
LOAD CMakeFiles/cpptest.dir/GD32F30x_standard_peripheral/Source/gd32f30x_misc.c.obj
LOAD CMakeFiles/cpptest.dir/GD32F30x_standard_peripheral/Source/gd32f30x_pmu.c.obj
LOAD CMakeFiles/cpptest.dir/GD32F30x_standard_peripheral/Source/gd32f30x_rcu.c.obj
LOAD CMakeFiles/cpptest.dir/GD32F30x_standard_peripheral/Source/gd32f30x_rtc.c.obj
LOAD CMakeFiles/cpptest.dir/GD32F30x_standard_peripheral/Source/gd32f30x_sdio.c.obj
LOAD CMakeFiles/cpptest.dir/GD32F30x_standard_peripheral/Source/gd32f30x_spi.c.obj
LOAD CMakeFiles/cpptest.dir/GD32F30x_standard_peripheral/Source/gd32f30x_timer.c.obj
LOAD CMakeFiles/cpptest.dir/GD32F30x_standard_peripheral/Source/gd32f30x_usart.c.obj
LOAD CMakeFiles/cpptest.dir/GD32F30x_standard_peripheral/Source/gd32f30x_wwdgt.c.obj
LOAD CMakeFiles/cpptest.dir/Project/app.cpp.obj
LOAD CMakeFiles/cpptest.dir/Project/main.c.obj
LOAD CMakeFiles/cpptest.dir/startup_ARMCM4.S.obj
LOAD C:/Program Files (x86)/Arm GNU Toolchain arm-none-eabi/13.2 Rel1/bin/../lib/gcc/arm-none-eabi/13.2.1/thumb/v7e-m/nofp\libstdc++_nano.a
LOAD C:/Program Files (x86)/Arm GNU Toolchain arm-none-eabi/13.2 Rel1/bin/../lib/gcc/arm-none-eabi/13.2.1/thumb/v7e-m/nofp\libm.a
LOAD C:/Program Files (x86)/Arm GNU Toolchain arm-none-eabi/13.2 Rel1/bin/../lib/gcc/arm-none-eabi/13.2.1/thumb/v7e-m/nofp\libc_nano.a
START GROUP
LOAD C:/Program Files (x86)/Arm GNU Toolchain arm-none-eabi/13.2 Rel1/bin/../lib/gcc/arm-none-eabi/13.2.1/thumb/v7e-m/nofp\libgcc.a
LOAD C:/Program Files (x86)/Arm GNU Toolchain arm-none-eabi/13.2 Rel1/bin/../lib/gcc/arm-none-eabi/13.2.1/thumb/v7e-m/nofp\libc_nano.a
END GROUP
START GROUP
LOAD C:/Program Files (x86)/Arm GNU Toolchain arm-none-eabi/13.2 Rel1/bin/../lib/gcc/arm-none-eabi/13.2.1/thumb/v7e-m/nofp\libgcc.a
LOAD C:/Program Files (x86)/Arm GNU Toolchain arm-none-eabi/13.2 Rel1/bin/../lib/gcc/arm-none-eabi/13.2.1/thumb/v7e-m/nofp\libc_nano.a
LOAD C:/Program Files (x86)/Arm GNU Toolchain arm-none-eabi/13.2 Rel1/bin/../lib/gcc/arm-none-eabi/13.2.1/thumb/v7e-m/nofp\libnosys.a
END GROUP
START GROUP
LOAD C:/Program Files (x86)/Arm GNU Toolchain arm-none-eabi/13.2 Rel1/bin/../lib/gcc/arm-none-eabi/13.2.1/thumb/v7e-m/nofp\libgcc.a
LOAD C:/Program Files (x86)/Arm GNU Toolchain arm-none-eabi/13.2 Rel1/bin/../lib/gcc/arm-none-eabi/13.2.1/thumb/v7e-m/nofp\libc_nano.a
LOAD C:/Program Files (x86)/Arm GNU Toolchain arm-none-eabi/13.2 Rel1/bin/../lib/gcc/arm-none-eabi/13.2.1/thumb/v7e-m/nofp\libnosys.a
END GROUP
LOAD C:/Program Files (x86)/Arm GNU Toolchain arm-none-eabi/13.2 Rel1/bin/../lib/gcc/arm-none-eabi/13.2.1/thumb/v7e-m/nofp/crtend.o
LOAD C:/Program Files (x86)/Arm GNU Toolchain arm-none-eabi/13.2 Rel1/bin/../lib/gcc/arm-none-eabi/13.2.1/thumb/v7e-m/nofp/crtn.o
                0x00000000                        __ROM_BASE = 0x0
                0x00040000                        __ROM_SIZE = 0x40000
                0x20000000                        __RAM_BASE = 0x20000000
                0x00020000                        __RAM_SIZE = 0x20000
                0x00000400                        __STACK_SIZE = 0x400
                0x00000c00                        __HEAP_SIZE = 0xc00

.text           0x00000000     0x16d0
 *(.vectors)
 .vectors       0x00000000      0x150 CMakeFiles/cpptest.dir/startup_ARMCM4.S.obj
                0x00000000                __Vectors
                0x00000150                __Vectors_End
 *(.text*)
 .text.deregister_tm_clones
                0x00000150       0x1c C:/Program Files (x86)/Arm GNU Toolchain arm-none-eabi/13.2 Rel1/bin/../lib/gcc/arm-none-eabi/13.2.1/thumb/v7e-m/nofp/crtbegin.o
 .text.register_tm_clones
                0x0000016c       0x24 C:/Program Files (x86)/Arm GNU Toolchain arm-none-eabi/13.2 Rel1/bin/../lib/gcc/arm-none-eabi/13.2.1/thumb/v7e-m/nofp/crtbegin.o
 .text.__do_global_dtors_aux
                0x00000190       0x28 C:/Program Files (x86)/Arm GNU Toolchain arm-none-eabi/13.2 Rel1/bin/../lib/gcc/arm-none-eabi/13.2.1/thumb/v7e-m/nofp/crtbegin.o
 .text.frame_dummy
                0x000001b8       0x24 C:/Program Files (x86)/Arm GNU Toolchain arm-none-eabi/13.2 Rel1/bin/../lib/gcc/arm-none-eabi/13.2.1/thumb/v7e-m/nofp/crtbegin.o
 .text.SystemInit
                0x000001dc       0xb4 CMakeFiles/cpptest.dir/CMSIS/GD/GD32F30x/Source/system_gd32f30x.c.obj
                0x000001dc                SystemInit
 .text.system_clock_config
                0x00000290        0xc CMakeFiles/cpptest.dir/CMSIS/GD/GD32F30x/Source/system_gd32f30x.c.obj
 .text.system_clock_120m_hxtal
                0x0000029c      0x170 CMakeFiles/cpptest.dir/CMSIS/GD/GD32F30x/Source/system_gd32f30x.c.obj
 .text.gpio_init
                0x0000040c      0x168 CMakeFiles/cpptest.dir/GD32F30x_standard_peripheral/Source/gd32f30x_gpio.c.obj
                0x0000040c                gpio_init
 .text.gpio_bit_write
                0x00000574       0x34 CMakeFiles/cpptest.dir/GD32F30x_standard_peripheral/Source/gd32f30x_gpio.c.obj
                0x00000574                gpio_bit_write
 .text.rcu_periph_clock_enable
                0x000005a8       0x44 CMakeFiles/cpptest.dir/GD32F30x_standard_peripheral/Source/gd32f30x_rcu.c.obj
                0x000005a8                rcu_periph_clock_enable
 .text.main     0x000005ec       0x64 CMakeFiles/cpptest.dir/Project/main.c.obj
                0x000005ec                main
 .text          0x00000650       0x58 CMakeFiles/cpptest.dir/startup_ARMCM4.S.obj
                0x00000650                Reset_Handler
                0x00000692                HardFault_Handler
                0x00000694                TIMER5_IRQHandler
                0x00000694                DebugMon_Handler
                0x00000694                LVD_IRQHandler
                0x00000694                CAN1_EWMC_IRQHandler
                0x00000694                TIMER2_IRQHandler
                0x00000694                EXTI2_IRQHandler
                0x00000694                TIMER7_UP_TIMER12_IRQHandler
                0x00000694                ADC0_1_IRQHandler
                0x00000694                SysTick_Handler
                0x00000694                PendSV_Handler
                0x00000694                NMI_Handler
                0x00000694                EXTI3_IRQHandler
                0x00000694                USBFS_WKUP_IRQHandler
                0x00000694                TIMER0_TRG_CMT_TIMER10_IRQHandler
                0x00000694                USBFS_IRQHandler
                0x00000694                TIMER3_IRQHandler
                0x00000694                DMA0_Channel6_IRQHandler
                0x00000694                I2C0_EV_IRQHandler
                0x00000694                EXTI0_IRQHandler
                0x00000694                CAN1_RX0_IRQHandler
                0x00000694                TIMER7_TRG_CMT_TIMER13_IRQHandler
                0x00000694                UsageFault_Handler
                0x00000694                TIMER4_IRQHandler
                0x00000694                SPI1_IRQHandler
                0x00000694                DMA0_Channel0_IRQHandler
                0x00000694                TAMPER_IRQHandler
                0x00000694                TIMER0_BRK_TIMER8_IRQHandler
                0x00000694                DMA1_Channel0_IRQHandler
                0x00000694                TIMER7_BRK_TIMER11_IRQHandler
                0x00000694                TIMER6_IRQHandler
                0x00000694                DMA1_Channel4_IRQHandler
                0x00000694                DMA0_Channel3_IRQHandler
                0x00000694                I2C0_ER_IRQHandler
                0x00000694                TIMER0_UP_TIMER9_IRQHandler
                0x00000694                RTC_IRQHandler
                0x00000694                RTC_Alarm_IRQHandler
                0x00000694                CAN1_RX1_IRQHandler
                0x00000694                DMA0_Channel2_IRQHandler
                0x00000694                USART0_IRQHandler
                0x00000694                TIMER1_IRQHandler
                0x00000694                I2C1_EV_IRQHandler
                0x00000694                UART4_IRQHandler
                0x00000694                EXTI10_15_IRQHandler
                0x00000694                DMA1_Channel1_IRQHandler
                0x00000694                Default_Handler
                0x00000694                TIMER7_Channel_IRQHandler
                0x00000694                CAN0_TX_IRQHandler
                0x00000694                WWDGT_IRQHandler
                0x00000694                EXMC_IRQHandler
                0x00000694                SPI2_IRQHandler
                0x00000694                MemManage_Handler
                0x00000694                CAN1_TX_IRQHandler
                0x00000694                SVC_Handler
                0x00000694                RCU_CTC_IRQHandler
                0x00000694                EXTI4_IRQHandler
                0x00000694                CAN0_RX1_IRQHandler
                0x00000694                DMA0_Channel5_IRQHandler
                0x00000694                DMA1_Channel3_IRQHandler
                0x00000694                EXTI5_9_IRQHandler
                0x00000694                DMA0_Channel1_IRQHandler
                0x00000694                TIMER0_Channel_IRQHandler
                0x00000694                EXTI1_IRQHandler
                0x00000694                ENET_WKUP_IRQHandler
                0x00000694                SPI0_IRQHandler
                0x00000694                USART2_IRQHandler
                0x00000694                CAN0_EWMC_IRQHandler
                0x00000694                CAN0_RX0_IRQHandler
                0x00000694                DMA1_Channel2_IRQHandler
                0x00000694                BusFault_Handler
                0x00000694                USART1_IRQHandler
                0x00000694                UART3_IRQHandler
                0x00000694                I2C1_ER_IRQHandler
                0x00000694                FMC_IRQHandler
                0x00000694                DMA0_Channel4_IRQHandler
                0x00000694                ENET_IRQHandler
 .text.selfrel_offset31
                0x000006a8       0x14 C:/Program Files (x86)/Arm GNU Toolchain arm-none-eabi/13.2 Rel1/bin/../lib/gcc/arm-none-eabi/13.2.1/thumb/v7e-m/nofp\libgcc.a(unwind-arm.o)
 .text.search_EIT_table
                0x000006bc       0x68 C:/Program Files (x86)/Arm GNU Toolchain arm-none-eabi/13.2 Rel1/bin/../lib/gcc/arm-none-eabi/13.2.1/thumb/v7e-m/nofp\libgcc.a(unwind-arm.o)
 .text.__gnu_unwind_get_pr_addr
                0x00000724       0x28 C:/Program Files (x86)/Arm GNU Toolchain arm-none-eabi/13.2 Rel1/bin/../lib/gcc/arm-none-eabi/13.2.1/thumb/v7e-m/nofp\libgcc.a(unwind-arm.o)
 .text.get_eit_entry
                0x0000074c       0x98 C:/Program Files (x86)/Arm GNU Toolchain arm-none-eabi/13.2 Rel1/bin/../lib/gcc/arm-none-eabi/13.2.1/thumb/v7e-m/nofp\libgcc.a(unwind-arm.o)
 .text.restore_non_core_regs
                0x000007e4       0x58 C:/Program Files (x86)/Arm GNU Toolchain arm-none-eabi/13.2 Rel1/bin/../lib/gcc/arm-none-eabi/13.2.1/thumb/v7e-m/nofp\libgcc.a(unwind-arm.o)
 .text._Unwind_decode_typeinfo_ptr.constprop.0
                0x0000083c        0xc C:/Program Files (x86)/Arm GNU Toolchain arm-none-eabi/13.2 Rel1/bin/../lib/gcc/arm-none-eabi/13.2.1/thumb/v7e-m/nofp\libgcc.a(unwind-arm.o)
 .text._Unwind_DebugHook
                0x00000848        0x4 C:/Program Files (x86)/Arm GNU Toolchain arm-none-eabi/13.2 Rel1/bin/../lib/gcc/arm-none-eabi/13.2.1/thumb/v7e-m/nofp\libgcc.a(unwind-arm.o)
 .text.unwind_phase2
                0x0000084c       0x3c C:/Program Files (x86)/Arm GNU Toolchain arm-none-eabi/13.2 Rel1/bin/../lib/gcc/arm-none-eabi/13.2.1/thumb/v7e-m/nofp\libgcc.a(unwind-arm.o)
 .text.unwind_phase2_forced
                0x00000888       0xd8 C:/Program Files (x86)/Arm GNU Toolchain arm-none-eabi/13.2 Rel1/bin/../lib/gcc/arm-none-eabi/13.2.1/thumb/v7e-m/nofp\libgcc.a(unwind-arm.o)
 .text.__gnu_Unwind_RaiseException
                0x00000960       0x68 C:/Program Files (x86)/Arm GNU Toolchain arm-none-eabi/13.2 Rel1/bin/../lib/gcc/arm-none-eabi/13.2.1/thumb/v7e-m/nofp\libgcc.a(unwind-arm.o)
                0x00000960                __gnu_Unwind_RaiseException
 .text.__gnu_Unwind_ForcedUnwind
                0x000009c8       0x10 C:/Program Files (x86)/Arm GNU Toolchain arm-none-eabi/13.2 Rel1/bin/../lib/gcc/arm-none-eabi/13.2.1/thumb/v7e-m/nofp\libgcc.a(unwind-arm.o)
                0x000009c8                __gnu_Unwind_ForcedUnwind
 .text.__gnu_Unwind_Resume
                0x000009d8       0x44 C:/Program Files (x86)/Arm GNU Toolchain arm-none-eabi/13.2 Rel1/bin/../lib/gcc/arm-none-eabi/13.2.1/thumb/v7e-m/nofp\libgcc.a(unwind-arm.o)
                0x000009d8                __gnu_Unwind_Resume
 .text.__gnu_Unwind_Resume_or_Rethrow
                0x00000a1c       0x14 C:/Program Files (x86)/Arm GNU Toolchain arm-none-eabi/13.2 Rel1/bin/../lib/gcc/arm-none-eabi/13.2.1/thumb/v7e-m/nofp\libgcc.a(unwind-arm.o)
                0x00000a1c                __gnu_Unwind_Resume_or_Rethrow
 .text._Unwind_VRS_Get
                0x00000a30       0x34 C:/Program Files (x86)/Arm GNU Toolchain arm-none-eabi/13.2 Rel1/bin/../lib/gcc/arm-none-eabi/13.2.1/thumb/v7e-m/nofp\libgcc.a(unwind-arm.o)
                0x00000a30                _Unwind_VRS_Get
 .text._Unwind_GetGR
                0x00000a64       0x1c C:/Program Files (x86)/Arm GNU Toolchain arm-none-eabi/13.2 Rel1/bin/../lib/gcc/arm-none-eabi/13.2.1/thumb/v7e-m/nofp\libgcc.a(unwind-arm.o)
 .text._Unwind_VRS_Set
                0x00000a80       0x34 C:/Program Files (x86)/Arm GNU Toolchain arm-none-eabi/13.2 Rel1/bin/../lib/gcc/arm-none-eabi/13.2.1/thumb/v7e-m/nofp\libgcc.a(unwind-arm.o)
                0x00000a80                _Unwind_VRS_Set
 .text._Unwind_SetGR
                0x00000ab4       0x18 C:/Program Files (x86)/Arm GNU Toolchain arm-none-eabi/13.2 Rel1/bin/../lib/gcc/arm-none-eabi/13.2.1/thumb/v7e-m/nofp\libgcc.a(unwind-arm.o)
 .text.__gnu_Unwind_Backtrace
                0x00000acc       0x84 C:/Program Files (x86)/Arm GNU Toolchain arm-none-eabi/13.2 Rel1/bin/../lib/gcc/arm-none-eabi/13.2.1/thumb/v7e-m/nofp\libgcc.a(unwind-arm.o)
                0x00000acc                __gnu_Unwind_Backtrace
 .text.__gnu_unwind_pr_common
                0x00000b50      0x2a4 C:/Program Files (x86)/Arm GNU Toolchain arm-none-eabi/13.2 Rel1/bin/../lib/gcc/arm-none-eabi/13.2.1/thumb/v7e-m/nofp\libgcc.a(unwind-arm.o)
 .text.__aeabi_unwind_cpp_pr0
                0x00000df4        0x8 C:/Program Files (x86)/Arm GNU Toolchain arm-none-eabi/13.2 Rel1/bin/../lib/gcc/arm-none-eabi/13.2.1/thumb/v7e-m/nofp\libgcc.a(unwind-arm.o)
                0x00000df4                __aeabi_unwind_cpp_pr0
 .text.__aeabi_unwind_cpp_pr1
                0x00000dfc        0x8 C:/Program Files (x86)/Arm GNU Toolchain arm-none-eabi/13.2 Rel1/bin/../lib/gcc/arm-none-eabi/13.2.1/thumb/v7e-m/nofp\libgcc.a(unwind-arm.o)
                0x00000dfc                __aeabi_unwind_cpp_pr1
 .text.__aeabi_unwind_cpp_pr2
                0x00000e04        0x8 C:/Program Files (x86)/Arm GNU Toolchain arm-none-eabi/13.2 Rel1/bin/../lib/gcc/arm-none-eabi/13.2.1/thumb/v7e-m/nofp\libgcc.a(unwind-arm.o)
                0x00000e04                __aeabi_unwind_cpp_pr2
 .text._Unwind_VRS_Pop
                0x00000e0c      0x2f0 C:/Program Files (x86)/Arm GNU Toolchain arm-none-eabi/13.2 Rel1/bin/../lib/gcc/arm-none-eabi/13.2.1/thumb/v7e-m/nofp\libgcc.a(unwind-arm.o)
                0x00000e0c                _Unwind_VRS_Pop
 .text          0x000010fc      0x1ac C:/Program Files (x86)/Arm GNU Toolchain arm-none-eabi/13.2 Rel1/bin/../lib/gcc/arm-none-eabi/13.2.1/thumb/v7e-m/nofp\libgcc.a(libunwind.o)
                0x000010fc                __restore_core_regs
                0x000010fc                restore_core_regs
                0x00001114                __gnu_Unwind_Restore_VFP
                0x0000111c                __gnu_Unwind_Save_VFP
                0x00001124                __gnu_Unwind_Restore_VFP_D
                0x0000112c                __gnu_Unwind_Save_VFP_D
                0x00001134                __gnu_Unwind_Restore_VFP_D_16_to_31
                0x0000113c                __gnu_Unwind_Save_VFP_D_16_to_31
                0x00001144                __gnu_Unwind_Restore_WMMXD
                0x00001188                __gnu_Unwind_Save_WMMXD
                0x000011cc                __gnu_Unwind_Restore_WMMXC
                0x000011e0                __gnu_Unwind_Save_WMMXC
                0x000011f4                ___Unwind_RaiseException
                0x000011f4                _Unwind_RaiseException
                0x00001218                _Unwind_Resume
                0x00001218                ___Unwind_Resume
                0x0000123c                _Unwind_Resume_or_Rethrow
                0x0000123c                ___Unwind_Resume_or_Rethrow
                0x00001260                _Unwind_ForcedUnwind
                0x00001260                ___Unwind_ForcedUnwind
                0x00001284                ___Unwind_Backtrace
                0x00001284                _Unwind_Backtrace
 .text.next_unwind_byte
                0x000012a8       0x38 C:/Program Files (x86)/Arm GNU Toolchain arm-none-eabi/13.2 Rel1/bin/../lib/gcc/arm-none-eabi/13.2.1/thumb/v7e-m/nofp\libgcc.a(pr-support.o)
 .text.__gnu_unwind_execute
                0x000012e0      0x2fc C:/Program Files (x86)/Arm GNU Toolchain arm-none-eabi/13.2 Rel1/bin/../lib/gcc/arm-none-eabi/13.2.1/thumb/v7e-m/nofp\libgcc.a(pr-support.o)
                0x000012e0                __gnu_unwind_execute
 .text.abort    0x000015dc        0xe C:/Program Files (x86)/Arm GNU Toolchain arm-none-eabi/13.2 Rel1/bin/../lib/gcc/arm-none-eabi/13.2.1/thumb/v7e-m/nofp\libc_nano.a(libc_a-abort.o)
                0x000015dc                abort
 .text._raise_r
                0x000015ea       0x50 C:/Program Files (x86)/Arm GNU Toolchain arm-none-eabi/13.2 Rel1/bin/../lib/gcc/arm-none-eabi/13.2.1/thumb/v7e-m/nofp\libc_nano.a(libc_a-signal.o)
                0x000015ea                _raise_r
 *fill*         0x0000163a        0x2 
 .text.raise    0x0000163c       0x10 C:/Program Files (x86)/Arm GNU Toolchain arm-none-eabi/13.2 Rel1/bin/../lib/gcc/arm-none-eabi/13.2.1/thumb/v7e-m/nofp\libc_nano.a(libc_a-signal.o)
                0x0000163c                raise
 .text._kill_r  0x0000164c       0x24 C:/Program Files (x86)/Arm GNU Toolchain arm-none-eabi/13.2 Rel1/bin/../lib/gcc/arm-none-eabi/13.2.1/thumb/v7e-m/nofp\libc_nano.a(libc_a-signalr.o)
                0x0000164c                _kill_r
 .text._getpid_r
                0x00001670        0x4 C:/Program Files (x86)/Arm GNU Toolchain arm-none-eabi/13.2 Rel1/bin/../lib/gcc/arm-none-eabi/13.2.1/thumb/v7e-m/nofp\libc_nano.a(libc_a-signalr.o)
                0x00001670                _getpid_r
 .text.memcpy   0x00001674       0x1c C:/Program Files (x86)/Arm GNU Toolchain arm-none-eabi/13.2 Rel1/bin/../lib/gcc/arm-none-eabi/13.2.1/thumb/v7e-m/nofp\libc_nano.a(libc_a-memcpy-stub.o)
                0x00001674                memcpy
 .text._getpid  0x00001690       0x10 C:/Program Files (x86)/Arm GNU Toolchain arm-none-eabi/13.2 Rel1/bin/../lib/gcc/arm-none-eabi/13.2.1/thumb/v7e-m/nofp\libnosys.a(getpid.o)
                0x00001690                _getpid
 .text._kill    0x000016a0       0x10 C:/Program Files (x86)/Arm GNU Toolchain arm-none-eabi/13.2 Rel1/bin/../lib/gcc/arm-none-eabi/13.2.1/thumb/v7e-m/nofp\libnosys.a(kill.o)
                0x000016a0                _kill
 .text._exit    0x000016b0        0x4 C:/Program Files (x86)/Arm GNU Toolchain arm-none-eabi/13.2 Rel1/bin/../lib/gcc/arm-none-eabi/13.2.1/thumb/v7e-m/nofp\libnosys.a(_exit.o)
                0x000016b0                _exit
 *(.init)
 .init          0x000016b4        0x4 C:/Program Files (x86)/Arm GNU Toolchain arm-none-eabi/13.2 Rel1/bin/../lib/gcc/arm-none-eabi/13.2.1/thumb/v7e-m/nofp/crti.o
                0x000016b4                _init
 .init          0x000016b8        0x8 C:/Program Files (x86)/Arm GNU Toolchain arm-none-eabi/13.2 Rel1/bin/../lib/gcc/arm-none-eabi/13.2.1/thumb/v7e-m/nofp/crtn.o
 *(.fini)
 .fini          0x000016c0        0x4 C:/Program Files (x86)/Arm GNU Toolchain arm-none-eabi/13.2 Rel1/bin/../lib/gcc/arm-none-eabi/13.2.1/thumb/v7e-m/nofp/crti.o
                0x000016c0                _fini
 .fini          0x000016c4        0x8 C:/Program Files (x86)/Arm GNU Toolchain arm-none-eabi/13.2 Rel1/bin/../lib/gcc/arm-none-eabi/13.2.1/thumb/v7e-m/nofp/crtn.o
 *crtbegin.o(.ctors)
 *crtbegin?.o(.ctors)
 *(EXCLUDE_FILE(*crtend.o *crtend?.o) .ctors)
 *(SORT_BY_NAME(.ctors.*))
 *(.ctors)
 *crtbegin.o(.dtors)
 *crtbegin?.o(.dtors)
 *(EXCLUDE_FILE(*crtend.o *crtend?.o) .dtors)
 *(SORT_BY_NAME(.dtors.*))
 *(.dtors)
 *(.rodata*)
 *(.eh_frame*)
 .eh_frame      0x000016cc        0x0 C:/Program Files (x86)/Arm GNU Toolchain arm-none-eabi/13.2 Rel1/bin/../lib/gcc/arm-none-eabi/13.2.1/thumb/v7e-m/nofp/crtbegin.o
 .eh_frame      0x000016cc        0x4 C:/Program Files (x86)/Arm GNU Toolchain arm-none-eabi/13.2 Rel1/bin/../lib/gcc/arm-none-eabi/13.2.1/thumb/v7e-m/nofp/crtend.o

.glue_7         0x000016d0        0x0
 .glue_7        0x000016d0        0x0 linker stubs

.glue_7t        0x000016d0        0x0
 .glue_7t       0x000016d0        0x0 linker stubs

.vfp11_veneer   0x000016d0        0x0
 .vfp11_veneer  0x000016d0        0x0 linker stubs

.v4_bx          0x000016d0        0x0
 .v4_bx         0x000016d0        0x0 linker stubs

.iplt           0x000016d0        0x0
 .iplt          0x000016d0        0x0 C:/Program Files (x86)/Arm GNU Toolchain arm-none-eabi/13.2 Rel1/bin/../lib/gcc/arm-none-eabi/13.2.1/thumb/v7e-m/nofp/crtbegin.o

.ARM.extab
 *(.ARM.extab* .gnu.linkonce.armextab.*)
                0x000016d0                        __exidx_start = .

.ARM.exidx      0x000016d0       0x90
 *(.ARM.exidx* .gnu.linkonce.armexidx.*)
 .ARM.exidx     0x000016d0        0x8 CMakeFiles/cpptest.dir/startup_ARMCM4.S.obj
                                 0x18 (size before relaxing)
 .ARM.exidx.text.selfrel_offset31
                0x000016d8        0x8 C:/Program Files (x86)/Arm GNU Toolchain arm-none-eabi/13.2 Rel1/bin/../lib/gcc/arm-none-eabi/13.2.1/thumb/v7e-m/nofp\libgcc.a(unwind-arm.o)
 .ARM.exidx.text.search_EIT_table
                0x000016e0        0x0 C:/Program Files (x86)/Arm GNU Toolchain arm-none-eabi/13.2 Rel1/bin/../lib/gcc/arm-none-eabi/13.2.1/thumb/v7e-m/nofp\libgcc.a(unwind-arm.o)
                                  0x8 (size before relaxing)
 .ARM.exidx.text.__gnu_unwind_get_pr_addr
                0x000016e0        0x0 C:/Program Files (x86)/Arm GNU Toolchain arm-none-eabi/13.2 Rel1/bin/../lib/gcc/arm-none-eabi/13.2.1/thumb/v7e-m/nofp\libgcc.a(unwind-arm.o)
                                  0x8 (size before relaxing)
 .ARM.exidx.text.get_eit_entry
                0x000016e0        0x8 C:/Program Files (x86)/Arm GNU Toolchain arm-none-eabi/13.2 Rel1/bin/../lib/gcc/arm-none-eabi/13.2.1/thumb/v7e-m/nofp\libgcc.a(unwind-arm.o)
 .ARM.exidx.text.restore_non_core_regs
                0x000016e8        0x8 C:/Program Files (x86)/Arm GNU Toolchain arm-none-eabi/13.2 Rel1/bin/../lib/gcc/arm-none-eabi/13.2.1/thumb/v7e-m/nofp\libgcc.a(unwind-arm.o)
 .ARM.exidx.text._Unwind_decode_typeinfo_ptr.constprop.0
                0x000016f0        0x8 C:/Program Files (x86)/Arm GNU Toolchain arm-none-eabi/13.2 Rel1/bin/../lib/gcc/arm-none-eabi/13.2.1/thumb/v7e-m/nofp\libgcc.a(unwind-arm.o)
 .ARM.exidx.text._Unwind_DebugHook
                0x000016f8        0x0 C:/Program Files (x86)/Arm GNU Toolchain arm-none-eabi/13.2 Rel1/bin/../lib/gcc/arm-none-eabi/13.2.1/thumb/v7e-m/nofp\libgcc.a(unwind-arm.o)
                                  0x8 (size before relaxing)
 .ARM.exidx.text.unwind_phase2
                0x000016f8        0x8 C:/Program Files (x86)/Arm GNU Toolchain arm-none-eabi/13.2 Rel1/bin/../lib/gcc/arm-none-eabi/13.2.1/thumb/v7e-m/nofp\libgcc.a(unwind-arm.o)
 .ARM.exidx.text.unwind_phase2_forced
                0x00001700        0x8 C:/Program Files (x86)/Arm GNU Toolchain arm-none-eabi/13.2 Rel1/bin/../lib/gcc/arm-none-eabi/13.2.1/thumb/v7e-m/nofp\libgcc.a(unwind-arm.o)
 .ARM.exidx.text.__gnu_Unwind_RaiseException
                0x00001708        0x8 C:/Program Files (x86)/Arm GNU Toolchain arm-none-eabi/13.2 Rel1/bin/../lib/gcc/arm-none-eabi/13.2.1/thumb/v7e-m/nofp\libgcc.a(unwind-arm.o)
 .ARM.exidx.text.__gnu_Unwind_ForcedUnwind
                0x00001710        0x8 C:/Program Files (x86)/Arm GNU Toolchain arm-none-eabi/13.2 Rel1/bin/../lib/gcc/arm-none-eabi/13.2.1/thumb/v7e-m/nofp\libgcc.a(unwind-arm.o)
 .ARM.exidx.text.__gnu_Unwind_Resume
                0x00001718        0x8 C:/Program Files (x86)/Arm GNU Toolchain arm-none-eabi/13.2 Rel1/bin/../lib/gcc/arm-none-eabi/13.2.1/thumb/v7e-m/nofp\libgcc.a(unwind-arm.o)
 .ARM.exidx.text.__gnu_Unwind_Resume_or_Rethrow
                0x00001720        0x8 C:/Program Files (x86)/Arm GNU Toolchain arm-none-eabi/13.2 Rel1/bin/../lib/gcc/arm-none-eabi/13.2.1/thumb/v7e-m/nofp\libgcc.a(unwind-arm.o)
 .ARM.exidx.text._Unwind_VRS_Get
                0x00001728        0x0 C:/Program Files (x86)/Arm GNU Toolchain arm-none-eabi/13.2 Rel1/bin/../lib/gcc/arm-none-eabi/13.2.1/thumb/v7e-m/nofp\libgcc.a(unwind-arm.o)
                                  0x8 (size before relaxing)
 .ARM.exidx.text._Unwind_GetGR
                0x00001728        0x0 C:/Program Files (x86)/Arm GNU Toolchain arm-none-eabi/13.2 Rel1/bin/../lib/gcc/arm-none-eabi/13.2.1/thumb/v7e-m/nofp\libgcc.a(unwind-arm.o)
                                  0x8 (size before relaxing)
 .ARM.exidx.text._Unwind_VRS_Set
                0x00001728        0x0 C:/Program Files (x86)/Arm GNU Toolchain arm-none-eabi/13.2 Rel1/bin/../lib/gcc/arm-none-eabi/13.2.1/thumb/v7e-m/nofp\libgcc.a(unwind-arm.o)
                                  0x8 (size before relaxing)
 .ARM.exidx.text._Unwind_SetGR
                0x00001728        0x0 C:/Program Files (x86)/Arm GNU Toolchain arm-none-eabi/13.2 Rel1/bin/../lib/gcc/arm-none-eabi/13.2.1/thumb/v7e-m/nofp\libgcc.a(unwind-arm.o)
                                  0x8 (size before relaxing)
 .ARM.exidx.text.__gnu_Unwind_Backtrace
                0x00001728        0x8 C:/Program Files (x86)/Arm GNU Toolchain arm-none-eabi/13.2 Rel1/bin/../lib/gcc/arm-none-eabi/13.2.1/thumb/v7e-m/nofp\libgcc.a(unwind-arm.o)
 .ARM.exidx.text.__gnu_unwind_pr_common
                0x00001730        0x8 C:/Program Files (x86)/Arm GNU Toolchain arm-none-eabi/13.2 Rel1/bin/../lib/gcc/arm-none-eabi/13.2.1/thumb/v7e-m/nofp\libgcc.a(unwind-arm.o)
 .ARM.exidx.text.__aeabi_unwind_cpp_pr0
                0x00001738        0x8 C:/Program Files (x86)/Arm GNU Toolchain arm-none-eabi/13.2 Rel1/bin/../lib/gcc/arm-none-eabi/13.2.1/thumb/v7e-m/nofp\libgcc.a(unwind-arm.o)
 .ARM.exidx.text.__aeabi_unwind_cpp_pr1
                0x00001740        0x0 C:/Program Files (x86)/Arm GNU Toolchain arm-none-eabi/13.2 Rel1/bin/../lib/gcc/arm-none-eabi/13.2.1/thumb/v7e-m/nofp\libgcc.a(unwind-arm.o)
                                  0x8 (size before relaxing)
 .ARM.exidx.text.__aeabi_unwind_cpp_pr2
                0x00001740        0x0 C:/Program Files (x86)/Arm GNU Toolchain arm-none-eabi/13.2 Rel1/bin/../lib/gcc/arm-none-eabi/13.2.1/thumb/v7e-m/nofp\libgcc.a(unwind-arm.o)
                                  0x8 (size before relaxing)
 .ARM.exidx.text._Unwind_VRS_Pop
                0x00001740       0x10 C:/Program Files (x86)/Arm GNU Toolchain arm-none-eabi/13.2 Rel1/bin/../lib/gcc/arm-none-eabi/13.2.1/thumb/v7e-m/nofp\libgcc.a(unwind-arm.o)
                                  0x8 (size before relaxing)
 .ARM.exidx.text.next_unwind_byte
                0x00001750        0x0 C:/Program Files (x86)/Arm GNU Toolchain arm-none-eabi/13.2 Rel1/bin/../lib/gcc/arm-none-eabi/13.2.1/thumb/v7e-m/nofp\libgcc.a(pr-support.o)
                                  0x8 (size before relaxing)
 .ARM.exidx.text.__gnu_unwind_execute
                0x00001750       0x10 C:/Program Files (x86)/Arm GNU Toolchain arm-none-eabi/13.2 Rel1/bin/../lib/gcc/arm-none-eabi/13.2.1/thumb/v7e-m/nofp\libgcc.a(pr-support.o)
                                  0x8 (size before relaxing)
                0x00001760                        __exidx_end = .

.rel.dyn        0x00001760        0x0
 .rel.iplt      0x00001760        0x0 C:/Program Files (x86)/Arm GNU Toolchain arm-none-eabi/13.2 Rel1/bin/../lib/gcc/arm-none-eabi/13.2.1/thumb/v7e-m/nofp/crtbegin.o

.copy.table     0x00001760        0xc
                0x00001760                        . = ALIGN (0x4)
                0x00001760                        __copy_table_start__ = .
                0x00001760        0x4 LONG 0x176c __etext
                0x00001764        0x4 LONG 0x20000000 __data_start__
                0x00001768        0x4 LONG 0x16 ((__data_end__ - __data_start__) / 0x4)
                0x0000176c                        __copy_table_end__ = .

.zero.table     0x0000176c        0x0
                0x0000176c                        . = ALIGN (0x4)
                0x0000176c                        __zero_table_start__ = .
                0x0000176c                        __zero_table_end__ = .
                0x0000176c                        __etext = ALIGN (0x4)

.data           0x20000000       0x58 load address 0x0000176c
                0x20000000                        __data_start__ = .
 *(vtable)
 *(.data)
 *(.data.*)
 .data._impure_ptr
                0x20000000        0x4 C:/Program Files (x86)/Arm GNU Toolchain arm-none-eabi/13.2 Rel1/bin/../lib/gcc/arm-none-eabi/13.2.1/thumb/v7e-m/nofp\libc_nano.a(libc_a-impure.o)
                0x20000000                _impure_ptr
 .data._impure_data
                0x20000004       0x4c C:/Program Files (x86)/Arm GNU Toolchain arm-none-eabi/13.2 Rel1/bin/../lib/gcc/arm-none-eabi/13.2.1/thumb/v7e-m/nofp\libc_nano.a(libc_a-impure.o)
                0x20000004                _impure_data
                0x20000050                        . = ALIGN (0x4)
                0x20000050                        PROVIDE (__preinit_array_start = .)
 *(.preinit_array)
                0x20000050                        PROVIDE (__preinit_array_end = .)
                0x20000050                        . = ALIGN (0x4)
                0x20000050                        PROVIDE (__init_array_start = .)
 *(SORT_BY_NAME(.init_array.*))
 *(.init_array)
 .init_array    0x20000050        0x4 C:/Program Files (x86)/Arm GNU Toolchain arm-none-eabi/13.2 Rel1/bin/../lib/gcc/arm-none-eabi/13.2.1/thumb/v7e-m/nofp/crtbegin.o
                0x20000054                        PROVIDE (__init_array_end = .)
                0x20000054                        . = ALIGN (0x4)
                [!provide]                        PROVIDE (__fini_array_start = .)
 *(SORT_BY_NAME(.fini_array.*))
 *(.fini_array)
 .fini_array    0x20000054        0x4 C:/Program Files (x86)/Arm GNU Toolchain arm-none-eabi/13.2 Rel1/bin/../lib/gcc/arm-none-eabi/13.2.1/thumb/v7e-m/nofp/crtbegin.o
                [!provide]                        PROVIDE (__fini_array_end = .)
 *(.jcr*)
                0x20000058                        . = ALIGN (0x4)
                0x20000058                        __data_end__ = .

.tm_clone_table
                0x20000058        0x0 load address 0x000017c4
 .tm_clone_table
                0x20000058        0x0 C:/Program Files (x86)/Arm GNU Toolchain arm-none-eabi/13.2 Rel1/bin/../lib/gcc/arm-none-eabi/13.2.1/thumb/v7e-m/nofp/crtbegin.o
 .tm_clone_table
                0x20000058        0x0 C:/Program Files (x86)/Arm GNU Toolchain arm-none-eabi/13.2 Rel1/bin/../lib/gcc/arm-none-eabi/13.2.1/thumb/v7e-m/nofp/crtend.o

.igot.plt       0x20000058        0x0 load address 0x000017c4
 .igot.plt      0x20000058        0x0 C:/Program Files (x86)/Arm GNU Toolchain arm-none-eabi/13.2 Rel1/bin/../lib/gcc/arm-none-eabi/13.2.1/thumb/v7e-m/nofp/crtbegin.o

.bss            0x20000058      0x158
                0x20000058                        . = ALIGN (0x4)
                0x20000058                        __bss_start__ = .
 *(.bss)
 *(.bss.*)
 .bss.completed.1
                0x20000058        0x1 C:/Program Files (x86)/Arm GNU Toolchain arm-none-eabi/13.2 Rel1/bin/../lib/gcc/arm-none-eabi/13.2.1/thumb/v7e-m/nofp/crtbegin.o
 *fill*         0x20000059        0x3 
 .bss.object.0  0x2000005c       0x18 C:/Program Files (x86)/Arm GNU Toolchain arm-none-eabi/13.2 Rel1/bin/../lib/gcc/arm-none-eabi/13.2.1/thumb/v7e-m/nofp/crtbegin.o
 .bss.__sf      0x20000074      0x138 C:/Program Files (x86)/Arm GNU Toolchain arm-none-eabi/13.2 Rel1/bin/../lib/gcc/arm-none-eabi/13.2.1/thumb/v7e-m/nofp\libc_nano.a(libc_a-findfp.o)
                0x20000074                __sf
 .bss.errno     0x200001ac        0x4 C:/Program Files (x86)/Arm GNU Toolchain arm-none-eabi/13.2 Rel1/bin/../lib/gcc/arm-none-eabi/13.2.1/thumb/v7e-m/nofp\libc_nano.a(libc_a-reent.o)
                0x200001ac                errno
 *(COMMON)
                0x200001b0                        . = ALIGN (0x4)
                0x200001b0                        __bss_end__ = .

.heap           0x200001b0      0xc00
                0x200001b0                        . = ALIGN (0x8)
                0x200001b0                        __end__ = .
                0x200001b0                        PROVIDE (end = .)
                0x20000db0                        . = (. + __HEAP_SIZE)
 *fill*         0x200001b0      0xc00 
                0x20000db0                        . = ALIGN (0x8)
                0x20000db0                        __HeapLimit = .

.stack          0x2001fc00      0x400
                0x2001fc00                        . = ALIGN (0x8)
                0x2001fc00                        __StackLimit = .
                0x20020000                        . = (. + __STACK_SIZE)
 *fill*         0x2001fc00      0x400 
                0x20020000                        . = ALIGN (0x8)
                0x20020000                        __StackTop = .
                0x20020000                        PROVIDE (__stack = __StackTop)
                0x00000001                        ASSERT ((__StackLimit >= __HeapLimit), region RAM overflowed with stack)

/DISCARD/
 libc_nano.a(*)
 libc.a(*)
 libm.a(*)
 libgcc.a(*)
OUTPUT(cpptest.elf elf32-littlearm)
LOAD linker stubs
LOAD C:/Program Files (x86)/Arm GNU Toolchain arm-none-eabi/13.2 Rel1/bin/../lib/gcc/arm-none-eabi/13.2.1/thumb/v7e-m/nofp\libc_nano.a
LOAD C:/Program Files (x86)/Arm GNU Toolchain arm-none-eabi/13.2 Rel1/bin/../lib/gcc/arm-none-eabi/13.2.1/thumb/v7e-m/nofp\libc.a
LOAD C:/Program Files (x86)/Arm GNU Toolchain arm-none-eabi/13.2 Rel1/bin/../lib/gcc/arm-none-eabi/13.2.1/thumb/v7e-m/nofp\libm.a
LOAD C:/Program Files (x86)/Arm GNU Toolchain arm-none-eabi/13.2 Rel1/bin/../lib/gcc/arm-none-eabi/13.2.1/thumb/v7e-m/nofp\libgcc.a

.ARM.attributes
                0x00000000       0x2a
 .ARM.attributes
                0x00000000       0x1e C:/Program Files (x86)/Arm GNU Toolchain arm-none-eabi/13.2 Rel1/bin/../lib/gcc/arm-none-eabi/13.2.1/thumb/v7e-m/nofp/crti.o
 .ARM.attributes
                0x0000001e       0x2e C:/Program Files (x86)/Arm GNU Toolchain arm-none-eabi/13.2 Rel1/bin/../lib/gcc/arm-none-eabi/13.2.1/thumb/v7e-m/nofp/crtbegin.o
 .ARM.attributes
                0x0000004c       0x2e CMakeFiles/cpptest.dir/CMSIS/GD/GD32F30x/Source/system_gd32f30x.c.obj
 .ARM.attributes
                0x0000007a       0x2e CMakeFiles/cpptest.dir/GD32F30x_standard_peripheral/Source/gd32f30x_gpio.c.obj
 .ARM.attributes
                0x000000a8       0x2e CMakeFiles/cpptest.dir/GD32F30x_standard_peripheral/Source/gd32f30x_rcu.c.obj
 .ARM.attributes
                0x000000d6       0x2e CMakeFiles/cpptest.dir/Project/main.c.obj
 .ARM.attributes
                0x00000104       0x21 CMakeFiles/cpptest.dir/startup_ARMCM4.S.obj
 .ARM.attributes
                0x00000125       0x2e C:/Program Files (x86)/Arm GNU Toolchain arm-none-eabi/13.2 Rel1/bin/../lib/gcc/arm-none-eabi/13.2.1/thumb/v7e-m/nofp\libc_nano.a(libc_a-findfp.o)
 .ARM.attributes
                0x00000153       0x2e C:/Program Files (x86)/Arm GNU Toolchain arm-none-eabi/13.2 Rel1/bin/../lib/gcc/arm-none-eabi/13.2.1/thumb/v7e-m/nofp\libc_nano.a(libc_a-reent.o)
 .ARM.attributes
                0x00000181       0x2e C:/Program Files (x86)/Arm GNU Toolchain arm-none-eabi/13.2 Rel1/bin/../lib/gcc/arm-none-eabi/13.2.1/thumb/v7e-m/nofp\libc_nano.a(libc_a-impure.o)
 .ARM.attributes
                0x000001af       0x2e C:/Program Files (x86)/Arm GNU Toolchain arm-none-eabi/13.2 Rel1/bin/../lib/gcc/arm-none-eabi/13.2.1/thumb/v7e-m/nofp\libgcc.a(unwind-arm.o)
 .ARM.attributes
                0x000001dd       0x1e C:/Program Files (x86)/Arm GNU Toolchain arm-none-eabi/13.2 Rel1/bin/../lib/gcc/arm-none-eabi/13.2.1/thumb/v7e-m/nofp\libgcc.a(libunwind.o)
 .ARM.attributes
                0x000001fb       0x2e C:/Program Files (x86)/Arm GNU Toolchain arm-none-eabi/13.2 Rel1/bin/../lib/gcc/arm-none-eabi/13.2.1/thumb/v7e-m/nofp\libgcc.a(pr-support.o)
 .ARM.attributes
                0x00000229       0x2e C:/Program Files (x86)/Arm GNU Toolchain arm-none-eabi/13.2 Rel1/bin/../lib/gcc/arm-none-eabi/13.2.1/thumb/v7e-m/nofp\libc_nano.a(libc_a-abort.o)
 .ARM.attributes
                0x00000257       0x2e C:/Program Files (x86)/Arm GNU Toolchain arm-none-eabi/13.2 Rel1/bin/../lib/gcc/arm-none-eabi/13.2.1/thumb/v7e-m/nofp\libc_nano.a(libc_a-signal.o)
 .ARM.attributes
                0x00000285       0x2e C:/Program Files (x86)/Arm GNU Toolchain arm-none-eabi/13.2 Rel1/bin/../lib/gcc/arm-none-eabi/13.2.1/thumb/v7e-m/nofp\libc_nano.a(libc_a-signalr.o)
 .ARM.attributes
                0x000002b3       0x2e C:/Program Files (x86)/Arm GNU Toolchain arm-none-eabi/13.2 Rel1/bin/../lib/gcc/arm-none-eabi/13.2.1/thumb/v7e-m/nofp\libc_nano.a(libc_a-memcpy-stub.o)
 .ARM.attributes
                0x000002e1       0x2e C:/Program Files (x86)/Arm GNU Toolchain arm-none-eabi/13.2 Rel1/bin/../lib/gcc/arm-none-eabi/13.2.1/thumb/v7e-m/nofp\libnosys.a(getpid.o)
 .ARM.attributes
                0x0000030f       0x2e C:/Program Files (x86)/Arm GNU Toolchain arm-none-eabi/13.2 Rel1/bin/../lib/gcc/arm-none-eabi/13.2.1/thumb/v7e-m/nofp\libnosys.a(kill.o)
 .ARM.attributes
                0x0000033d       0x2e C:/Program Files (x86)/Arm GNU Toolchain arm-none-eabi/13.2 Rel1/bin/../lib/gcc/arm-none-eabi/13.2.1/thumb/v7e-m/nofp\libnosys.a(_exit.o)
 .ARM.attributes
                0x0000036b       0x2e C:/Program Files (x86)/Arm GNU Toolchain arm-none-eabi/13.2 Rel1/bin/../lib/gcc/arm-none-eabi/13.2.1/thumb/v7e-m/nofp/crtend.o
 .ARM.attributes
                0x00000399       0x1e C:/Program Files (x86)/Arm GNU Toolchain arm-none-eabi/13.2 Rel1/bin/../lib/gcc/arm-none-eabi/13.2.1/thumb/v7e-m/nofp/crtn.o

.comment        0x00000000       0x44
 .comment       0x00000000       0x44 CMakeFiles/cpptest.dir/CMSIS/GD/GD32F30x/Source/system_gd32f30x.c.obj
                                 0x45 (size before relaxing)
 .comment       0x00000044       0x45 CMakeFiles/cpptest.dir/GD32F30x_standard_peripheral/Source/gd32f30x_gpio.c.obj
 .comment       0x00000044       0x45 CMakeFiles/cpptest.dir/GD32F30x_standard_peripheral/Source/gd32f30x_rcu.c.obj
 .comment       0x00000044       0x45 CMakeFiles/cpptest.dir/Project/main.c.obj

.debug_frame    0x00000000      0x700
 .debug_frame   0x00000000      0x144 C:/Program Files (x86)/Arm GNU Toolchain arm-none-eabi/13.2 Rel1/bin/../lib/gcc/arm-none-eabi/13.2.1/thumb/v7e-m/nofp\libc_nano.a(libc_a-findfp.o)
 .debug_frame   0x00000144       0x38 C:/Program Files (x86)/Arm GNU Toolchain arm-none-eabi/13.2 Rel1/bin/../lib/gcc/arm-none-eabi/13.2.1/thumb/v7e-m/nofp\libc_nano.a(libc_a-reent.o)
 .debug_frame   0x0000017c      0x2c8 C:/Program Files (x86)/Arm GNU Toolchain arm-none-eabi/13.2 Rel1/bin/../lib/gcc/arm-none-eabi/13.2.1/thumb/v7e-m/nofp\libgcc.a(unwind-arm.o)
 .debug_frame   0x00000444      0x104 C:/Program Files (x86)/Arm GNU Toolchain arm-none-eabi/13.2 Rel1/bin/../lib/gcc/arm-none-eabi/13.2.1/thumb/v7e-m/nofp\libgcc.a(pr-support.o)
 .debug_frame   0x00000548       0x28 C:/Program Files (x86)/Arm GNU Toolchain arm-none-eabi/13.2 Rel1/bin/../lib/gcc/arm-none-eabi/13.2.1/thumb/v7e-m/nofp\libc_nano.a(libc_a-abort.o)
 .debug_frame   0x00000570       0xcc C:/Program Files (x86)/Arm GNU Toolchain arm-none-eabi/13.2 Rel1/bin/../lib/gcc/arm-none-eabi/13.2.1/thumb/v7e-m/nofp\libc_nano.a(libc_a-signal.o)
 .debug_frame   0x0000063c       0x3c C:/Program Files (x86)/Arm GNU Toolchain arm-none-eabi/13.2 Rel1/bin/../lib/gcc/arm-none-eabi/13.2.1/thumb/v7e-m/nofp\libc_nano.a(libc_a-signalr.o)
 .debug_frame   0x00000678       0x28 C:/Program Files (x86)/Arm GNU Toolchain arm-none-eabi/13.2 Rel1/bin/../lib/gcc/arm-none-eabi/13.2.1/thumb/v7e-m/nofp\libc_nano.a(libc_a-memcpy-stub.o)
 .debug_frame   0x000006a0       0x20 C:/Program Files (x86)/Arm GNU Toolchain arm-none-eabi/13.2 Rel1/bin/../lib/gcc/arm-none-eabi/13.2.1/thumb/v7e-m/nofp\libnosys.a(getpid.o)
 .debug_frame   0x000006c0       0x20 C:/Program Files (x86)/Arm GNU Toolchain arm-none-eabi/13.2 Rel1/bin/../lib/gcc/arm-none-eabi/13.2.1/thumb/v7e-m/nofp\libnosys.a(kill.o)
 .debug_frame   0x000006e0       0x20 C:/Program Files (x86)/Arm GNU Toolchain arm-none-eabi/13.2 Rel1/bin/../lib/gcc/arm-none-eabi/13.2.1/thumb/v7e-m/nofp\libnosys.a(_exit.o)

.debug_line_str
                0x00000000       0xca
 .debug_line_str
                0x00000000       0xca C:/Program Files (x86)/Arm GNU Toolchain arm-none-eabi/13.2 Rel1/bin/../lib/gcc/arm-none-eabi/13.2.1/thumb/v7e-m/nofp\libgcc.a(libunwind.o)
