Archive member included to satisfy reference by file (symbol)

C:/Program Files (x86)/Arm GNU Toolchain arm-none-eabi/13.2 Rel1/bin/../lib/gcc/arm-none-eabi/13.2.1/thumb/v7e-m/nofp\libc.a(libc_a-exit.o)
                              C:/Program Files (x86)/Arm GNU Toolchain arm-none-eabi/13.2 Rel1/bin/../lib/gcc/arm-none-eabi/13.2.1/thumb/v7e-m/nofp/crt0.o (exit)
C:/Program Files (x86)/Arm GNU Toolchain arm-none-eabi/13.2 Rel1/bin/../lib/gcc/arm-none-eabi/13.2.1/thumb/v7e-m/nofp\libc.a(libc_a-findfp.o)
                              C:/Program Files (x86)/Arm GNU Toolchain arm-none-eabi/13.2 Rel1/bin/../lib/gcc/arm-none-eabi/13.2.1/thumb/v7e-m/nofp\libc.a(libc_a-exit.o) (__stdio_exit_handler)
C:/Program Files (x86)/Arm GNU Toolchain arm-none-eabi/13.2 Rel1/bin/../lib/gcc/arm-none-eabi/13.2.1/thumb/v7e-m/nofp\libc.a(libc_a-fwalk.o)
                              C:/Program Files (x86)/Arm GNU Toolchain arm-none-eabi/13.2 Rel1/bin/../lib/gcc/arm-none-eabi/13.2.1/thumb/v7e-m/nofp\libc.a(libc_a-findfp.o) (_fwalk_sglue)
C:/Program Files (x86)/Arm GNU Toolchain arm-none-eabi/13.2 Rel1/bin/../lib/gcc/arm-none-eabi/13.2.1/thumb/v7e-m/nofp\libc.a(libc_a-stdio.o)
                              C:/Program Files (x86)/Arm GNU Toolchain arm-none-eabi/13.2 Rel1/bin/../lib/gcc/arm-none-eabi/13.2.1/thumb/v7e-m/nofp\libc.a(libc_a-findfp.o) (__sread)
C:/Program Files (x86)/Arm GNU Toolchain arm-none-eabi/13.2 Rel1/bin/../lib/gcc/arm-none-eabi/13.2.1/thumb/v7e-m/nofp\libc.a(libc_a-memset.o)
                              C:/Program Files (x86)/Arm GNU Toolchain arm-none-eabi/13.2 Rel1/bin/../lib/gcc/arm-none-eabi/13.2.1/thumb/v7e-m/nofp/crt0.o (memset)
C:/Program Files (x86)/Arm GNU Toolchain arm-none-eabi/13.2 Rel1/bin/../lib/gcc/arm-none-eabi/13.2.1/thumb/v7e-m/nofp\libc.a(libc_a-closer.o)
                              C:/Program Files (x86)/Arm GNU Toolchain arm-none-eabi/13.2 Rel1/bin/../lib/gcc/arm-none-eabi/13.2.1/thumb/v7e-m/nofp\libc.a(libc_a-stdio.o) (_close_r)
C:/Program Files (x86)/Arm GNU Toolchain arm-none-eabi/13.2 Rel1/bin/../lib/gcc/arm-none-eabi/13.2.1/thumb/v7e-m/nofp\libc.a(libc_a-reent.o)
                              C:/Program Files (x86)/Arm GNU Toolchain arm-none-eabi/13.2 Rel1/bin/../lib/gcc/arm-none-eabi/13.2.1/thumb/v7e-m/nofp\libc.a(libc_a-closer.o) (errno)
C:/Program Files (x86)/Arm GNU Toolchain arm-none-eabi/13.2 Rel1/bin/../lib/gcc/arm-none-eabi/13.2.1/thumb/v7e-m/nofp\libc.a(libc_a-impure.o)
                              C:/Program Files (x86)/Arm GNU Toolchain arm-none-eabi/13.2 Rel1/bin/../lib/gcc/arm-none-eabi/13.2.1/thumb/v7e-m/nofp\libc.a(libc_a-reent.o) (_impure_ptr)
C:/Program Files (x86)/Arm GNU Toolchain arm-none-eabi/13.2 Rel1/bin/../lib/gcc/arm-none-eabi/13.2.1/thumb/v7e-m/nofp\libc.a(libc_a-lseekr.o)
                              C:/Program Files (x86)/Arm GNU Toolchain arm-none-eabi/13.2 Rel1/bin/../lib/gcc/arm-none-eabi/13.2.1/thumb/v7e-m/nofp\libc.a(libc_a-stdio.o) (_lseek_r)
C:/Program Files (x86)/Arm GNU Toolchain arm-none-eabi/13.2 Rel1/bin/../lib/gcc/arm-none-eabi/13.2.1/thumb/v7e-m/nofp\libc.a(libc_a-readr.o)
                              C:/Program Files (x86)/Arm GNU Toolchain arm-none-eabi/13.2 Rel1/bin/../lib/gcc/arm-none-eabi/13.2.1/thumb/v7e-m/nofp\libc.a(libc_a-stdio.o) (_read_r)
C:/Program Files (x86)/Arm GNU Toolchain arm-none-eabi/13.2 Rel1/bin/../lib/gcc/arm-none-eabi/13.2.1/thumb/v7e-m/nofp\libc.a(libc_a-writer.o)
                              C:/Program Files (x86)/Arm GNU Toolchain arm-none-eabi/13.2 Rel1/bin/../lib/gcc/arm-none-eabi/13.2.1/thumb/v7e-m/nofp\libc.a(libc_a-stdio.o) (_write_r)
C:/Program Files (x86)/Arm GNU Toolchain arm-none-eabi/13.2 Rel1/bin/../lib/gcc/arm-none-eabi/13.2.1/thumb/v7e-m/nofp\libc.a(libc_a-init.o)
                              C:/Program Files (x86)/Arm GNU Toolchain arm-none-eabi/13.2 Rel1/bin/../lib/gcc/arm-none-eabi/13.2.1/thumb/v7e-m/nofp/crt0.o (__libc_init_array)
C:/Program Files (x86)/Arm GNU Toolchain arm-none-eabi/13.2 Rel1/bin/../lib/gcc/arm-none-eabi/13.2.1/thumb/v7e-m/nofp\libc.a(libc_a-lock.o)
                              C:/Program Files (x86)/Arm GNU Toolchain arm-none-eabi/13.2 Rel1/bin/../lib/gcc/arm-none-eabi/13.2.1/thumb/v7e-m/nofp\libc.a(libc_a-findfp.o) (__retarget_lock_init_recursive)
C:/Program Files (x86)/Arm GNU Toolchain arm-none-eabi/13.2 Rel1/bin/../lib/gcc/arm-none-eabi/13.2.1/thumb/v7e-m/nofp\libc.a(libc_a-__call_atexit.o)
                              C:/Program Files (x86)/Arm GNU Toolchain arm-none-eabi/13.2 Rel1/bin/../lib/gcc/arm-none-eabi/13.2.1/thumb/v7e-m/nofp\libc.a(libc_a-exit.o) (__call_exitprocs)
C:/Program Files (x86)/Arm GNU Toolchain arm-none-eabi/13.2 Rel1/bin/../lib/gcc/arm-none-eabi/13.2.1/thumb/v7e-m/nofp\libc.a(libc_a-atexit.o)
                              C:/Program Files (x86)/Arm GNU Toolchain arm-none-eabi/13.2 Rel1/bin/../lib/gcc/arm-none-eabi/13.2.1/thumb/v7e-m/nofp\libc.a(libc_a-__call_atexit.o) (atexit)
[...]
Memory Configuration

Name             Origin             Length             Attributes
FLASH            0x00000000         0x00040000         xr
RAM              0x20000000         0x00018000         xrw
*default*        0x00000000         0xffffffff

Linker script and memory map

LOAD C:/Program Files (x86)/Arm GNU Toolchain arm-none-eabi/13.2 Rel1/bin/../lib/gcc/arm-none-eabi/13.2.1/thumb/v7e-m/nofp/crti.o
LOAD C:/Program Files (x86)/Arm GNU Toolchain arm-none-eabi/13.2 Rel1/bin/../lib/gcc/arm-none-eabi/13.2.1/thumb/v7e-m/nofp/crtbegin.o
LOAD C:/Program Files (x86)/Arm GNU Toolchain arm-none-eabi/13.2 Rel1/bin/../lib/gcc/arm-none-eabi/13.2.1/thumb/v7e-m/nofp/crt0.o
START GROUP
LOAD C:/Program Files (x86)/Arm GNU Toolchain arm-none-eabi/13.2 Rel1/bin/../lib/gcc/arm-none-eabi/13.2.1/thumb/v7e-m/nofp\libstdc++.a
END GROUP
LOAD CMakeFiles/ECU.dir/CMSIS/GD/GD32F30x/Source/system_gd32f30x.c.obj
LOAD CMakeFiles/ECU.dir/GD32F30x_standard_peripheral/Source/gd32f30x_adc.c.obj
LOAD CMakeFiles/ECU.dir/GD32F30x_standard_peripheral/Source/gd32f30x_bkp.c.obj
LOAD CMakeFiles/ECU.dir/GD32F30x_standard_peripheral/Source/gd32f30x_can.c.obj
LOAD CMakeFiles/ECU.dir/GD32F30x_standard_peripheral/Source/gd32f30x_crc.c.obj
LOAD CMakeFiles/ECU.dir/GD32F30x_standard_peripheral/Source/gd32f30x_ctc.c.obj
LOAD CMakeFiles/ECU.dir/GD32F30x_standard_peripheral/Source/gd32f30x_dac.c.obj
LOAD CMakeFiles/ECU.dir/GD32F30x_standard_peripheral/Source/gd32f30x_dbg.c.obj
LOAD CMakeFiles/ECU.dir/GD32F30x_standard_peripheral/Source/gd32f30x_dma.c.obj
LOAD CMakeFiles/ECU.dir/GD32F30x_standard_peripheral/Source/gd32f30x_enet.c.obj
LOAD CMakeFiles/ECU.dir/GD32F30x_standard_peripheral/Source/gd32f30x_exmc.c.obj
LOAD CMakeFiles/ECU.dir/GD32F30x_standard_peripheral/Source/gd32f30x_exti.c.obj
LOAD CMakeFiles/ECU.dir/GD32F30x_standard_peripheral/Source/gd32f30x_fmc.c.obj
LOAD CMakeFiles/ECU.dir/GD32F30x_standard_peripheral/Source/gd32f30x_fwdgt.c.obj
LOAD CMakeFiles/ECU.dir/GD32F30x_standard_peripheral/Source/gd32f30x_gpio.c.obj
LOAD CMakeFiles/ECU.dir/GD32F30x_standard_peripheral/Source/gd32f30x_i2c.c.obj
LOAD CMakeFiles/ECU.dir/GD32F30x_standard_peripheral/Source/gd32f30x_misc.c.obj
LOAD CMakeFiles/ECU.dir/GD32F30x_standard_peripheral/Source/gd32f30x_pmu.c.obj
LOAD CMakeFiles/ECU.dir/GD32F30x_standard_peripheral/Source/gd32f30x_rcu.c.obj
LOAD CMakeFiles/ECU.dir/GD32F30x_standard_peripheral/Source/gd32f30x_rtc.c.obj
LOAD CMakeFiles/ECU.dir/GD32F30x_standard_peripheral/Source/gd32f30x_sdio.c.obj
LOAD CMakeFiles/ECU.dir/GD32F30x_standard_peripheral/Source/gd32f30x_spi.c.obj
LOAD CMakeFiles/ECU.dir/GD32F30x_standard_peripheral/Source/gd32f30x_timer.c.obj
LOAD CMakeFiles/ECU.dir/GD32F30x_standard_peripheral/Source/gd32f30x_usart.c.obj
LOAD CMakeFiles/ECU.dir/GD32F30x_standard_peripheral/Source/gd32f30x_wwdgt.c.obj
LOAD CMakeFiles/ECU.dir/Periph/CAN/Src/can.cpp.obj
LOAD CMakeFiles/ECU.dir/Periph/GPIO/Src/gpio.cpp.obj
LOAD CMakeFiles/ECU.dir/Periph/SPI/Src/spi.cpp.obj
LOAD CMakeFiles/ECU.dir/Project/Src/app.cpp.obj
LOAD CMakeFiles/ECU.dir/Project/Src/it.c.obj
LOAD CMakeFiles/ECU.dir/Project/Src/main.c.obj
LOAD CMakeFiles/ECU.dir/System/startup_ARMCM4.S.obj
LOAD C:/Program Files (x86)/Arm GNU Toolchain arm-none-eabi/13.2 Rel1/bin/../lib/gcc/arm-none-eabi/13.2.1/thumb/v7e-m/nofp\libstdc++.a
LOAD C:/Program Files (x86)/Arm GNU Toolchain arm-none-eabi/13.2 Rel1/bin/../lib/gcc/arm-none-eabi/13.2.1/thumb/v7e-m/nofp\libm.a
LOAD C:/Program Files (x86)/Arm GNU Toolchain arm-none-eabi/13.2 Rel1/bin/../lib/gcc/arm-none-eabi/13.2.1/thumb/v7e-m/nofp\libc.a
START GROUP
LOAD C:/Program Files (x86)/Arm GNU Toolchain arm-none-eabi/13.2 Rel1/bin/../lib/gcc/arm-none-eabi/13.2.1/thumb/v7e-m/nofp\libgcc.a
LOAD C:/Program Files (x86)/Arm GNU Toolchain arm-none-eabi/13.2 Rel1/bin/../lib/gcc/arm-none-eabi/13.2.1/thumb/v7e-m/nofp\libg.a
LOAD C:/Program Files (x86)/Arm GNU Toolchain arm-none-eabi/13.2 Rel1/bin/../lib/gcc/arm-none-eabi/13.2.1/thumb/v7e-m/nofp\libc.a
END GROUP
START GROUP
LOAD C:/Program Files (x86)/Arm GNU Toolchain arm-none-eabi/13.2 Rel1/bin/../lib/gcc/arm-none-eabi/13.2.1/thumb/v7e-m/nofp\libgcc.a
LOAD C:/Program Files (x86)/Arm GNU Toolchain arm-none-eabi/13.2 Rel1/bin/../lib/gcc/arm-none-eabi/13.2.1/thumb/v7e-m/nofp\libc.a
LOAD C:/Program Files (x86)/Arm GNU Toolchain arm-none-eabi/13.2 Rel1/bin/../lib/gcc/arm-none-eabi/13.2.1/thumb/v7e-m/nofp\libnosys.a
END GROUP
LOAD C:/Program Files (x86)/Arm GNU Toolchain arm-none-eabi/13.2 Rel1/bin/../lib/gcc/arm-none-eabi/13.2.1/thumb/v7e-m/nofp/crtend.o
LOAD C:/Program Files (x86)/Arm GNU Toolchain arm-none-eabi/13.2 Rel1/bin/../lib/gcc/arm-none-eabi/13.2.1/thumb/v7e-m/nofp/crtn.o
                0x00000000                        __ROM_BASE = 0x0
                0x00040000                        __ROM_SIZE = 0x40000
                0x20000000                        __RAM_BASE = 0x20000000
                0x00018000                        __RAM_SIZE = 0x18000
                0x00004000                        __STACK_SIZE = 0x4000
                0x00004000                        __HEAP_SIZE = 0x4000

.text           0x00000000     0x1f70
 *(.vectors)
 .vectors       0x00000000      0x150 CMakeFiles/ECU.dir/System/startup_ARMCM4.S.obj
                0x00000000                __Vectors
                0x00000150                __Vectors_End
 *(.text*)
 .text.deregister_tm_clones
                0x00000150       0x1c C:/Program Files (x86)/Arm GNU Toolchain arm-none-eabi/13.2 Rel1/bin/../lib/gcc/arm-none-eabi/13.2.1/thumb/v7e-m/nofp/crtbegin.o
 .text.register_tm_clones
                0x0000016c       0x24 C:/Program Files (x86)/Arm GNU Toolchain arm-none-eabi/13.2 Rel1/bin/../lib/gcc/arm-none-eabi/13.2.1/thumb/v7e-m/nofp/crtbegin.o
 .text.__do_global_dtors_aux
                0x00000190       0x28 C:/Program Files (x86)/Arm GNU Toolchain arm-none-eabi/13.2 Rel1/bin/../lib/gcc/arm-none-eabi/13.2.1/thumb/v7e-m/nofp/crtbegin.o
 .text.frame_dummy
                0x000001b8       0x24 C:/Program Files (x86)/Arm GNU Toolchain arm-none-eabi/13.2 Rel1/bin/../lib/gcc/arm-none-eabi/13.2.1/thumb/v7e-m/nofp/crtbegin.o
 .text.system_clock_120m_hxtal
                0x000001dc       0xfc CMakeFiles/ECU.dir/CMSIS/GD/GD32F30x/Source/system_gd32f30x.c.obj
 .text.system_clock_config
                0x000002d8        0x8 CMakeFiles/ECU.dir/CMSIS/GD/GD32F30x/Source/system_gd32f30x.c.obj
 .text.SystemInit
                0x000002e0       0x88 CMakeFiles/ECU.dir/CMSIS/GD/GD32F30x/Source/system_gd32f30x.c.obj
                0x000002e0                SystemInit
 .text.can_deinit
                0x00000368       0x30 CMakeFiles/ECU.dir/GD32F30x_standard_peripheral/Source/gd32f30x_can.c.obj
                0x00000368                can_deinit
 .text.can_struct_para_init
                0x00000398       0x8e CMakeFiles/ECU.dir/GD32F30x_standard_peripheral/Source/gd32f30x_can.c.obj
                0x00000398                can_struct_para_init
 .text.can_init
                0x00000426      0x118 CMakeFiles/ECU.dir/GD32F30x_standard_peripheral/Source/gd32f30x_can.c.obj
                0x00000426                can_init
 *fill*         0x0000053e        0x2 
 .text.can_filter_init
                0x00000540      0x114 CMakeFiles/ECU.dir/GD32F30x_standard_peripheral/Source/gd32f30x_can.c.obj
                0x00000540                can_filter_init
 .text.can_message_transmit
                0x00000654       0xd8 CMakeFiles/ECU.dir/GD32F30x_standard_peripheral/Source/gd32f30x_can.c.obj
                0x00000654                can_message_transmit
 .text.can_message_receive
                0x0000072c       0x9e CMakeFiles/ECU.dir/GD32F30x_standard_peripheral/Source/gd32f30x_can.c.obj
                0x0000072c                can_message_receive
 .text.can_interrupt_enable
                0x000007ca        0x8 CMakeFiles/ECU.dir/GD32F30x_standard_peripheral/Source/gd32f30x_can.c.obj
                0x000007ca                can_interrupt_enable
 .text.gpio_init
                0x000007d2       0xa2 CMakeFiles/ECU.dir/GD32F30x_standard_peripheral/Source/gd32f30x_gpio.c.obj
                0x000007d2                gpio_init
 .text.gpio_bit_write
                0x00000874        0xa CMakeFiles/ECU.dir/GD32F30x_standard_peripheral/Source/gd32f30x_gpio.c.obj
                0x00000874                gpio_bit_write
 *fill*         0x0000087e        0x2 
 .text.gpio_pin_remap_config
                0x00000880       0x7c CMakeFiles/ECU.dir/GD32F30x_standard_peripheral/Source/gd32f30x_gpio.c.obj
                0x00000880                gpio_pin_remap_config
 .text.nvic_priority_group_set
                0x000008fc       0x14 CMakeFiles/ECU.dir/GD32F30x_standard_peripheral/Source/gd32f30x_misc.c.obj
                0x000008fc                nvic_priority_group_set
 .text.nvic_irq_enable
                0x00000910       0xb0 CMakeFiles/ECU.dir/GD32F30x_standard_peripheral/Source/gd32f30x_misc.c.obj
                0x00000910                nvic_irq_enable
 .text.rcu_periph_clock_enable
                0x000009c0       0x1a CMakeFiles/ECU.dir/GD32F30x_standard_peripheral/Source/gd32f30x_rcu.c.obj
                0x000009c0                rcu_periph_clock_enable
 .text.rcu_periph_reset_enable
                0x000009da       0x1a CMakeFiles/ECU.dir/GD32F30x_standard_peripheral/Source/gd32f30x_rcu.c.obj
                0x000009da                rcu_periph_reset_enable
 .text.rcu_periph_reset_disable
                0x000009f4       0x1c CMakeFiles/ECU.dir/GD32F30x_standard_peripheral/Source/gd32f30x_rcu.c.obj
                0x000009f4                rcu_periph_reset_disable
 .text.spi_init
                0x00000a10       0x2e CMakeFiles/ECU.dir/GD32F30x_standard_peripheral/Source/gd32f30x_spi.c.obj
                0x00000a10                spi_init
 .text.spi_enable
                0x00000a3e        0xa CMakeFiles/ECU.dir/GD32F30x_standard_peripheral/Source/gd32f30x_spi.c.obj
                0x00000a3e                spi_enable
 .text._ZN3CanC2Em
                0x00000a48        0x4 CMakeFiles/ECU.dir/Periph/CAN/Src/can.cpp.obj
                0x00000a48                Can::Can(unsigned long)
                0x00000a48                Can::Can(unsigned long)
 .text._ZN3Can4InitEv
                0x00000a4c        0xc CMakeFiles/ECU.dir/Periph/CAN/Src/can.cpp.obj
                0x00000a4c                Can::Init()
 .text._ZN3Can8ItEnableEm
                0x00000a58        0xa CMakeFiles/ECU.dir/Periph/CAN/Src/can.cpp.obj
                0x00000a58                Can::ItEnable(unsigned long)
 .text._ZN9CanFilterC2Ev
                0x00000a62        0x2 CMakeFiles/ECU.dir/Periph/CAN/Src/can.cpp.obj
                0x00000a62                CanFilter::CanFilter()
                0x00000a62                CanFilter::CanFilter()
 .text._ZN9CanFilter10FilterInitEv
                0x00000a64        0x8 CMakeFiles/ECU.dir/Periph/CAN/Src/can.cpp.obj
                0x00000a64                CanFilter::FilterInit()
 .text._ZN7GpioPinC2Emmmm
                0x00000a6c       0x1c CMakeFiles/ECU.dir/Periph/GPIO/Src/gpio.cpp.obj
                0x00000a6c                GpioPin::GpioPin(unsigned long, unsigned long, unsigned long, unsigned long)
                0x00000a6c                GpioPin::GpioPin(unsigned long, unsigned long, unsigned long, unsigned long)
 .text._ZN7GpioPin3SetEv
                0x00000a88        0xe CMakeFiles/ECU.dir/Periph/GPIO/Src/gpio.cpp.obj
                0x00000a88                GpioPin::Set()
 .text._ZN7GpioPin5ResetEv
                0x00000a96        0xe CMakeFiles/ECU.dir/Periph/GPIO/Src/gpio.cpp.obj
                0x00000a96                GpioPin::Reset()
 .text._ZN3SpiC2Em
                0x00000aa4        0x4 CMakeFiles/ECU.dir/Periph/SPI/Src/spi.cpp.obj
                0x00000aa4                Spi::Spi(unsigned long)
                0x00000aa4                Spi::Spi(unsigned long)
 .text._ZN3Spi7SpiInitEv
                0x00000aa8        0xc CMakeFiles/ECU.dir/Periph/SPI/Src/spi.cpp.obj
                0x00000aa8                Spi::SpiInit()
 .text._ZN3Spi9SpiEnableEv
                0x00000ab4        0xa CMakeFiles/ECU.dir/Periph/SPI/Src/spi.cpp.obj
                0x00000ab4                Spi::SpiEnable()
 *fill*         0x00000abe        0x2 
 .text.cpp      0x00000ac0      0x1c4 CMakeFiles/ECU.dir/Project/Src/app.cpp.obj
                0x00000ac0                cpp
 .text.CAN0_RX0_IRQHandler
                0x00000c84       0x20 CMakeFiles/ECU.dir/Project/Src/it.c.obj
                0x00000c84                CAN0_RX0_IRQHandler
 .text.main     0x00000ca4       0x38 CMakeFiles/ECU.dir/Project/Src/main.c.obj
                0x00000ca4                main
 .text          0x00000cdc       0x58 CMakeFiles/ECU.dir/System/startup_ARMCM4.S.obj
                0x00000cdc                Reset_Handler
                0x00000d1e                HardFault_Handler
                0x00000d20                TIMER5_IRQHandler
                0x00000d20                DebugMon_Handler
                0x00000d20                LVD_IRQHandler
                0x00000d20                CAN1_EWMC_IRQHandler
                0x00000d20                TIMER2_IRQHandler
                0x00000d20                EXTI2_IRQHandler
                0x00000d20                TIMER7_UP_TIMER12_IRQHandler
                0x00000d20                ADC0_1_IRQHandler
                0x00000d20                SysTick_Handler
                0x00000d20                PendSV_Handler
                0x00000d20                NMI_Handler
                0x00000d20                EXTI3_IRQHandler
                0x00000d20                USBFS_WKUP_IRQHandler
                0x00000d20                TIMER0_TRG_CMT_TIMER10_IRQHandler
                0x00000d20                USBFS_IRQHandler
                0x00000d20                TIMER3_IRQHandler
                0x00000d20                DMA0_Channel6_IRQHandler
                0x00000d20                I2C0_EV_IRQHandler
                0x00000d20                EXTI0_IRQHandler
                0x00000d20                CAN1_RX0_IRQHandler
                0x00000d20                TIMER7_TRG_CMT_TIMER13_IRQHandler
                0x00000d20                UsageFault_Handler
                0x00000d20                TIMER4_IRQHandler
                0x00000d20                SPI1_IRQHandler
                0x00000d20                DMA0_Channel0_IRQHandler
                0x00000d20                TAMPER_IRQHandler
                0x00000d20                TIMER0_BRK_TIMER8_IRQHandler
                0x00000d20                DMA1_Channel0_IRQHandler
                0x00000d20                TIMER7_BRK_TIMER11_IRQHandler
                0x00000d20                TIMER6_IRQHandler
                0x00000d20                DMA1_Channel4_IRQHandler
                0x00000d20                DMA0_Channel3_IRQHandler
                0x00000d20                I2C0_ER_IRQHandler
                0x00000d20                TIMER0_UP_TIMER9_IRQHandler
                0x00000d20                RTC_IRQHandler
                0x00000d20                RTC_Alarm_IRQHandler
                0x00000d20                CAN1_RX1_IRQHandler
                0x00000d20                DMA0_Channel2_IRQHandler
                0x00000d20                USART0_IRQHandler
                0x00000d20                TIMER1_IRQHandler
                0x00000d20                I2C1_EV_IRQHandler
                0x00000d20                UART4_IRQHandler
                0x00000d20                EXTI10_15_IRQHandler
                0x00000d20                DMA1_Channel1_IRQHandler
                0x00000d20                Default_Handler
                0x00000d20                TIMER7_Channel_IRQHandler
                0x00000d20                CAN0_TX_IRQHandler
                0x00000d20                WWDGT_IRQHandler
                0x00000d20                EXMC_IRQHandler
                0x00000d20                SPI2_IRQHandler
                0x00000d20                MemManage_Handler
                0x00000d20                CAN1_TX_IRQHandler
                0x00000d20                SVC_Handler
                0x00000d20                RCU_CTC_IRQHandler
                0x00000d20                EXTI4_IRQHandler
                0x00000d20                CAN0_RX1_IRQHandler
                0x00000d20                DMA0_Channel5_IRQHandler
                0x00000d20                DMA1_Channel3_IRQHandler
                0x00000d20                EXTI5_9_IRQHandler
                0x00000d20                DMA0_Channel1_IRQHandler
                0x00000d20                TIMER0_Channel_IRQHandler
                0x00000d20                EXTI1_IRQHandler
                0x00000d20                ENET_WKUP_IRQHandler
                0x00000d20                SPI0_IRQHandler
                0x00000d20                USART2_IRQHandler
                0x00000d20                CAN0_EWMC_IRQHandler
                0x00000d20                DMA1_Channel2_IRQHandler
                0x00000d20                BusFault_Handler
                0x00000d20                USART1_IRQHandler
                0x00000d20                UART3_IRQHandler
                0x00000d20                I2C1_ER_IRQHandler
                0x00000d20                FMC_IRQHandler
                0x00000d20                DMA0_Channel4_IRQHandler
                0x00000d20                ENET_IRQHandler
 .text.__retarget_lock_acquire_recursive
                0x00000d34        0x4 C:/Program Files (x86)/Arm GNU Toolchain arm-none-eabi/13.2 Rel1/bin/../lib/gcc/arm-none-eabi/13.2.1/thumb/v7e-m/nofp\libc.a(libc_a-lock.o)
                0x00000d34                __retarget_lock_acquire_recursive
 .text.__retarget_lock_release_recursive
                0x00000d38        0x4 C:/Program Files (x86)/Arm GNU Toolchain arm-none-eabi/13.2 Rel1/bin/../lib/gcc/arm-none-eabi/13.2.1/thumb/v7e-m/nofp\libc.a(libc_a-lock.o)
                0x00000d38                __retarget_lock_release_recursive
 .text.startup.register_fini
                0x00000d3c       0x14 C:/Program Files (x86)/Arm GNU Toolchain arm-none-eabi/13.2 Rel1/bin/../lib/gcc/arm-none-eabi/13.2.1/thumb/v7e-m/nofp\libc.a(libc_a-__call_atexit.o)
 .text.atexit   0x00000d50        0xc C:/Program Files (x86)/Arm GNU Toolchain arm-none-eabi/13.2 Rel1/bin/../lib/gcc/arm-none-eabi/13.2.1/thumb/v7e-m/nofp\libc.a(libc_a-atexit.o)
                0x00000d50                atexit
 .text.__libc_fini_array
                0x00000d5c       0x28 C:/Program Files (x86)/Arm GNU Toolchain arm-none-eabi/13.2 Rel1/bin/../lib/gcc/arm-none-eabi/13.2.1/thumb/v7e-m/nofp\libc.a(libc_a-fini.o)
                0x00000d5c                __libc_fini_array
 .text.__register_exitproc
                0x00000d84       0x80 C:/Program Files (x86)/Arm GNU Toolchain arm-none-eabi/13.2 Rel1/bin/../lib/gcc/arm-none-eabi/13.2.1/thumb/v7e-m/nofp\libc.a(libc_a-__atexit.o)
                0x00000d84                __register_exitproc
 .text.selfrel_offset31
                0x00000e04       0x14 C:/Program Files (x86)/Arm GNU Toolchain arm-none-eabi/13.2 Rel1/bin/../lib/gcc/arm-none-eabi/13.2.1/thumb/v7e-m/nofp\libgcc.a(unwind-arm.o)
 .text.search_EIT_table
                0x00000e18       0x68 C:/Program Files (x86)/Arm GNU Toolchain arm-none-eabi/13.2 Rel1/bin/../lib/gcc/arm-none-eabi/13.2.1/thumb/v7e-m/nofp\libgcc.a(unwind-arm.o)
 .text.__gnu_unwind_get_pr_addr
                0x00000e80       0x28 C:/Program Files (x86)/Arm GNU Toolchain arm-none-eabi/13.2 Rel1/bin/../lib/gcc/arm-none-eabi/13.2.1/thumb/v7e-m/nofp\libgcc.a(unwind-arm.o)
 .text.get_eit_entry
                0x00000ea8       0x98 C:/Program Files (x86)/Arm GNU Toolchain arm-none-eabi/13.2 Rel1/bin/../lib/gcc/arm-none-eabi/13.2.1/thumb/v7e-m/nofp\libgcc.a(unwind-arm.o)
 .text.restore_non_core_regs
                0x00000f40       0x58 C:/Program Files (x86)/Arm GNU Toolchain arm-none-eabi/13.2 Rel1/bin/../lib/gcc/arm-none-eabi/13.2.1/thumb/v7e-m/nofp\libgcc.a(unwind-arm.o)
 .text._Unwind_decode_typeinfo_ptr.constprop.0
                0x00000f98        0xc C:/Program Files (x86)/Arm GNU Toolchain arm-none-eabi/13.2 Rel1/bin/../lib/gcc/arm-none-eabi/13.2.1/thumb/v7e-m/nofp\libgcc.a(unwind-arm.o)
 .text._Unwind_DebugHook
                0x00000fa4        0x4 C:/Program Files (x86)/Arm GNU Toolchain arm-none-eabi/13.2 Rel1/bin/../lib/gcc/arm-none-eabi/13.2.1/thumb/v7e-m/nofp\libgcc.a(unwind-arm.o)
 .text.unwind_phase2
                0x00000fa8       0x3c C:/Program Files (x86)/Arm GNU Toolchain arm-none-eabi/13.2 Rel1/bin/../lib/gcc/arm-none-eabi/13.2.1/thumb/v7e-m/nofp\libgcc.a(unwind-arm.o)
 .text.unwind_phase2_forced
                0x00000fe4       0xd8 C:/Program Files (x86)/Arm GNU Toolchain arm-none-eabi/13.2 Rel1/bin/../lib/gcc/arm-none-eabi/13.2.1/thumb/v7e-m/nofp\libgcc.a(unwind-arm.o)
 .text.__gnu_Unwind_RaiseException
                0x000010bc       0x68 C:/Program Files (x86)/Arm GNU Toolchain arm-none-eabi/13.2 Rel1/bin/../lib/gcc/arm-none-eabi/13.2.1/thumb/v7e-m/nofp\libgcc.a(unwind-arm.o)
                0x000010bc                __gnu_Unwind_RaiseException
 .text.__gnu_Unwind_ForcedUnwind
                0x00001124       0x10 C:/Program Files (x86)/Arm GNU Toolchain arm-none-eabi/13.2 Rel1/bin/../lib/gcc/arm-none-eabi/13.2.1/thumb/v7e-m/nofp\libgcc.a(unwind-arm.o)
                0x00001124                __gnu_Unwind_ForcedUnwind
 .text.__gnu_Unwind_Resume
                0x00001134       0x44 C:/Program Files (x86)/Arm GNU Toolchain arm-none-eabi/13.2 Rel1/bin/../lib/gcc/arm-none-eabi/13.2.1/thumb/v7e-m/nofp\libgcc.a(unwind-arm.o)
                0x00001134                __gnu_Unwind_Resume
 .text.__gnu_Unwind_Resume_or_Rethrow
                0x00001178       0x14 C:/Program Files (x86)/Arm GNU Toolchain arm-none-eabi/13.2 Rel1/bin/../lib/gcc/arm-none-eabi/13.2.1/thumb/v7e-m/nofp\libgcc.a(unwind-arm.o)
                0x00001178                __gnu_Unwind_Resume_or_Rethrow
 .text._Unwind_VRS_Get
                0x0000118c       0x34 C:/Program Files (x86)/Arm GNU Toolchain arm-none-eabi/13.2 Rel1/bin/../lib/gcc/arm-none-eabi/13.2.1/thumb/v7e-m/nofp\libgcc.a(unwind-arm.o)
                0x0000118c                _Unwind_VRS_Get
 .text._Unwind_GetGR
                0x000011c0       0x1c C:/Program Files (x86)/Arm GNU Toolchain arm-none-eabi/13.2 Rel1/bin/../lib/gcc/arm-none-eabi/13.2.1/thumb/v7e-m/nofp\libgcc.a(unwind-arm.o)
 .text._Unwind_VRS_Set
                0x000011dc       0x34 C:/Program Files (x86)/Arm GNU Toolchain arm-none-eabi/13.2 Rel1/bin/../lib/gcc/arm-none-eabi/13.2.1/thumb/v7e-m/nofp\libgcc.a(unwind-arm.o)
                0x000011dc                _Unwind_VRS_Set
 .text._Unwind_SetGR
                0x00001210       0x18 C:/Program Files (x86)/Arm GNU Toolchain arm-none-eabi/13.2 Rel1/bin/../lib/gcc/arm-none-eabi/13.2.1/thumb/v7e-m/nofp\libgcc.a(unwind-arm.o)
 .text.__gnu_Unwind_Backtrace
                0x00001228       0x84 C:/Program Files (x86)/Arm GNU Toolchain arm-none-eabi/13.2 Rel1/bin/../lib/gcc/arm-none-eabi/13.2.1/thumb/v7e-m/nofp\libgcc.a(unwind-arm.o)
                0x00001228                __gnu_Unwind_Backtrace
 .text.__gnu_unwind_pr_common
                0x000012ac      0x2a4 C:/Program Files (x86)/Arm GNU Toolchain arm-none-eabi/13.2 Rel1/bin/../lib/gcc/arm-none-eabi/13.2.1/thumb/v7e-m/nofp\libgcc.a(unwind-arm.o)
 .text.__aeabi_unwind_cpp_pr0
                0x00001550        0x8 C:/Program Files (x86)/Arm GNU Toolchain arm-none-eabi/13.2 Rel1/bin/../lib/gcc/arm-none-eabi/13.2.1/thumb/v7e-m/nofp\libgcc.a(unwind-arm.o)
                0x00001550                __aeabi_unwind_cpp_pr0
 .text.__aeabi_unwind_cpp_pr1
                0x00001558        0x8 C:/Program Files (x86)/Arm GNU Toolchain arm-none-eabi/13.2 Rel1/bin/../lib/gcc/arm-none-eabi/13.2.1/thumb/v7e-m/nofp\libgcc.a(unwind-arm.o)
                0x00001558                __aeabi_unwind_cpp_pr1
 .text.__aeabi_unwind_cpp_pr2
                0x00001560        0x8 C:/Program Files (x86)/Arm GNU Toolchain arm-none-eabi/13.2 Rel1/bin/../lib/gcc/arm-none-eabi/13.2.1/thumb/v7e-m/nofp\libgcc.a(unwind-arm.o)
                0x00001560                __aeabi_unwind_cpp_pr2
 .text._Unwind_VRS_Pop
                0x00001568      0x2f0 C:/Program Files (x86)/Arm GNU Toolchain arm-none-eabi/13.2 Rel1/bin/../lib/gcc/arm-none-eabi/13.2.1/thumb/v7e-m/nofp\libgcc.a(unwind-arm.o)
                0x00001568                _Unwind_VRS_Pop
 .text          0x00001858      0x1ac C:/Program Files (x86)/Arm GNU Toolchain arm-none-eabi/13.2 Rel1/bin/../lib/gcc/arm-none-eabi/13.2.1/thumb/v7e-m/nofp\libgcc.a(libunwind.o)
                0x00001858                __restore_core_regs
                0x00001858                restore_core_regs
                0x00001870                __gnu_Unwind_Restore_VFP
                0x00001878                __gnu_Unwind_Save_VFP
                0x00001880                __gnu_Unwind_Restore_VFP_D
                0x00001888                __gnu_Unwind_Save_VFP_D
                0x00001890                __gnu_Unwind_Restore_VFP_D_16_to_31
                0x00001898                __gnu_Unwind_Save_VFP_D_16_to_31
                0x000018a0                __gnu_Unwind_Restore_WMMXD
                0x000018e4                __gnu_Unwind_Save_WMMXD
                0x00001928                __gnu_Unwind_Restore_WMMXC
                0x0000193c                __gnu_Unwind_Save_WMMXC
                0x00001950                ___Unwind_RaiseException
                0x00001950                _Unwind_RaiseException
                0x00001974                _Unwind_Resume
                0x00001974                ___Unwind_Resume
                0x00001998                _Unwind_Resume_or_Rethrow
                0x00001998                ___Unwind_Resume_or_Rethrow
                0x000019bc                _Unwind_ForcedUnwind
                0x000019bc                ___Unwind_ForcedUnwind
                0x000019e0                ___Unwind_Backtrace
                0x000019e0                _Unwind_Backtrace
 .text.next_unwind_byte
                0x00001a04       0x38 C:/Program Files (x86)/Arm GNU Toolchain arm-none-eabi/13.2 Rel1/bin/../lib/gcc/arm-none-eabi/13.2.1/thumb/v7e-m/nofp\libgcc.a(pr-support.o)
 .text.__gnu_unwind_execute
                0x00001a3c      0x2fc C:/Program Files (x86)/Arm GNU Toolchain arm-none-eabi/13.2 Rel1/bin/../lib/gcc/arm-none-eabi/13.2.1/thumb/v7e-m/nofp\libgcc.a(pr-support.o)
                0x00001a3c                __gnu_unwind_execute
 .text.abort    0x00001d38       0x10 C:/Program Files (x86)/Arm GNU Toolchain arm-none-eabi/13.2 Rel1/bin/../lib/gcc/arm-none-eabi/13.2.1/thumb/v7e-m/nofp\libg.a(libc_a-abort.o)
                0x00001d38                abort
 .text.raise    0x00001d48       0x58 C:/Program Files (x86)/Arm GNU Toolchain arm-none-eabi/13.2 Rel1/bin/../lib/gcc/arm-none-eabi/13.2.1/thumb/v7e-m/nofp\libg.a(libc_a-signal.o)
                0x00001d48                raise
 .text._kill_r  0x00001da0       0x2c C:/Program Files (x86)/Arm GNU Toolchain arm-none-eabi/13.2 Rel1/bin/../lib/gcc/arm-none-eabi/13.2.1/thumb/v7e-m/nofp\libg.a(libc_a-signalr.o)
                0x00001da0                _kill_r
 .text._getpid_r
                0x00001dcc        0x4 C:/Program Files (x86)/Arm GNU Toolchain arm-none-eabi/13.2 Rel1/bin/../lib/gcc/arm-none-eabi/13.2.1/thumb/v7e-m/nofp\libg.a(libc_a-signalr.o)
                0x00001dcc                _getpid_r
 .text          0x00001dd0      0x134 C:/Program Files (x86)/Arm GNU Toolchain arm-none-eabi/13.2 Rel1/bin/../lib/gcc/arm-none-eabi/13.2.1/thumb/v7e-m/nofp\libg.a(libc_a-memcpy.o)
                0x00001dd0                memcpy
 .text._getpid  0x00001f04       0x10 C:/Program Files (x86)/Arm GNU Toolchain arm-none-eabi/13.2 Rel1/bin/../lib/gcc/arm-none-eabi/13.2.1/thumb/v7e-m/nofp\libnosys.a(getpid.o)
                0x00001f04                _getpid
 .text._kill    0x00001f14       0x10 C:/Program Files (x86)/Arm GNU Toolchain arm-none-eabi/13.2 Rel1/bin/../lib/gcc/arm-none-eabi/13.2.1/thumb/v7e-m/nofp\libnosys.a(kill.o)
                0x00001f14                _kill
 .text._exit    0x00001f24        0x4 C:/Program Files (x86)/Arm GNU Toolchain arm-none-eabi/13.2 Rel1/bin/../lib/gcc/arm-none-eabi/13.2.1/thumb/v7e-m/nofp\libnosys.a(_exit.o)
                0x00001f24                _exit
 *(.init)
 .init          0x00001f28        0x4 C:/Program Files (x86)/Arm GNU Toolchain arm-none-eabi/13.2 Rel1/bin/../lib/gcc/arm-none-eabi/13.2.1/thumb/v7e-m/nofp/crti.o
                0x00001f28                _init
 .init          0x00001f2c        0x8 C:/Program Files (x86)/Arm GNU Toolchain arm-none-eabi/13.2 Rel1/bin/../lib/gcc/arm-none-eabi/13.2.1/thumb/v7e-m/nofp/crtn.o
 *(.fini)
 .fini          0x00001f34        0x4 C:/Program Files (x86)/Arm GNU Toolchain arm-none-eabi/13.2 Rel1/bin/../lib/gcc/arm-none-eabi/13.2.1/thumb/v7e-m/nofp/crti.o
                0x00001f34                _fini
 .fini          0x00001f38        0x8 C:/Program Files (x86)/Arm GNU Toolchain arm-none-eabi/13.2 Rel1/bin/../lib/gcc/arm-none-eabi/13.2.1/thumb/v7e-m/nofp/crtn.o
 *crtbegin.o(.ctors)
 *crtbegin?.o(.ctors)
 *(EXCLUDE_FILE(*crtend.o *crtend?.o) .ctors)
 *(SORT_BY_NAME(.ctors.*))
 *(.ctors)
 *crtbegin.o(.dtors)
 *crtbegin?.o(.dtors)
 *(EXCLUDE_FILE(*crtend.o *crtend?.o) .dtors)
 *(SORT_BY_NAME(.dtors.*))
 *(.dtors)
 *(.rodata*)
 *(.eh_frame*)
 .eh_frame      0x00001f40        0x0 C:/Program Files (x86)/Arm GNU Toolchain arm-none-eabi/13.2 Rel1/bin/../lib/gcc/arm-none-eabi/13.2.1/thumb/v7e-m/nofp/crtbegin.o
 .eh_frame      0x00001f40       0x2c C:/Program Files (x86)/Arm GNU Toolchain arm-none-eabi/13.2 Rel1/bin/../lib/gcc/arm-none-eabi/13.2.1/thumb/v7e-m/nofp\libg.a(libc_a-memcpy.o)
 .eh_frame      0x00001f6c        0x4 C:/Program Files (x86)/Arm GNU Toolchain arm-none-eabi/13.2 Rel1/bin/../lib/gcc/arm-none-eabi/13.2.1/thumb/v7e-m/nofp/crtend.o

.glue_7         0x00001f70        0x0
 .glue_7        0x00001f70        0x0 linker stubs

.glue_7t        0x00001f70        0x0
 .glue_7t       0x00001f70        0x0 linker stubs

.vfp11_veneer   0x00001f70        0x0
 .vfp11_veneer  0x00001f70        0x0 linker stubs

.v4_bx          0x00001f70        0x0
 .v4_bx         0x00001f70        0x0 linker stubs

.iplt           0x00001f70        0x0
 .iplt          0x00001f70        0x0 C:/Program Files (x86)/Arm GNU Toolchain arm-none-eabi/13.2 Rel1/bin/../lib/gcc/arm-none-eabi/13.2.1/thumb/v7e-m/nofp/crtbegin.o

.ARM.extab
 *(.ARM.extab* .gnu.linkonce.armextab.*)
                0x00001f70                        __exidx_start = .

.ARM.exidx      0x00001f70       0x90
 *(.ARM.exidx* .gnu.linkonce.armexidx.*)
 .ARM.exidx     0x00001f70       0x10 CMakeFiles/ECU.dir/System/startup_ARMCM4.S.obj
                                 0x18 (size before relaxing)
 .ARM.exidx.text.selfrel_offset31
                0x00001f80        0x0 C:/Program Files (x86)/Arm GNU Toolchain arm-none-eabi/13.2 Rel1/bin/../lib/gcc/arm-none-eabi/13.2.1/thumb/v7e-m/nofp\libgcc.a(unwind-arm.o)
                                  0x8 (size before relaxing)
 .ARM.exidx.text.search_EIT_table
                0x00001f80        0x0 C:/Program Files (x86)/Arm GNU Toolchain arm-none-eabi/13.2 Rel1/bin/../lib/gcc/arm-none-eabi/13.2.1/thumb/v7e-m/nofp\libgcc.a(unwind-arm.o)
                                  0x8 (size before relaxing)
 .ARM.exidx.text.__gnu_unwind_get_pr_addr
                0x00001f80        0x0 C:/Program Files (x86)/Arm GNU Toolchain arm-none-eabi/13.2 Rel1/bin/../lib/gcc/arm-none-eabi/13.2.1/thumb/v7e-m/nofp\libgcc.a(unwind-arm.o)
                                  0x8 (size before relaxing)
 .ARM.exidx.text.get_eit_entry
                0x00001f80        0x8 C:/Program Files (x86)/Arm GNU Toolchain arm-none-eabi/13.2 Rel1/bin/../lib/gcc/arm-none-eabi/13.2.1/thumb/v7e-m/nofp\libgcc.a(unwind-arm.o)
 .ARM.exidx.text.restore_non_core_regs
                0x00001f88        0x8 C:/Program Files (x86)/Arm GNU Toolchain arm-none-eabi/13.2 Rel1/bin/../lib/gcc/arm-none-eabi/13.2.1/thumb/v7e-m/nofp\libgcc.a(unwind-arm.o)
 .ARM.exidx.text._Unwind_decode_typeinfo_ptr.constprop.0
                0x00001f90        0x8 C:/Program Files (x86)/Arm GNU Toolchain arm-none-eabi/13.2 Rel1/bin/../lib/gcc/arm-none-eabi/13.2.1/thumb/v7e-m/nofp\libgcc.a(unwind-arm.o)
 .ARM.exidx.text._Unwind_DebugHook
                0x00001f98        0x0 C:/Program Files (x86)/Arm GNU Toolchain arm-none-eabi/13.2 Rel1/bin/../lib/gcc/arm-none-eabi/13.2.1/thumb/v7e-m/nofp\libgcc.a(unwind-arm.o)
                                  0x8 (size before relaxing)
 .ARM.exidx.text.unwind_phase2
                0x00001f98        0x8 C:/Program Files (x86)/Arm GNU Toolchain arm-none-eabi/13.2 Rel1/bin/../lib/gcc/arm-none-eabi/13.2.1/thumb/v7e-m/nofp\libgcc.a(unwind-arm.o)
 .ARM.exidx.text.unwind_phase2_forced
                0x00001fa0        0x8 C:/Program Files (x86)/Arm GNU Toolchain arm-none-eabi/13.2 Rel1/bin/../lib/gcc/arm-none-eabi/13.2.1/thumb/v7e-m/nofp\libgcc.a(unwind-arm.o)
 .ARM.exidx.text.__gnu_Unwind_RaiseException
                0x00001fa8        0x8 C:/Program Files (x86)/Arm GNU Toolchain arm-none-eabi/13.2 Rel1/bin/../lib/gcc/arm-none-eabi/13.2.1/thumb/v7e-m/nofp\libgcc.a(unwind-arm.o)
 .ARM.exidx.text.__gnu_Unwind_ForcedUnwind
                0x00001fb0        0x8 C:/Program Files (x86)/Arm GNU Toolchain arm-none-eabi/13.2 Rel1/bin/../lib/gcc/arm-none-eabi/13.2.1/thumb/v7e-m/nofp\libgcc.a(unwind-arm.o)
 .ARM.exidx.text.__gnu_Unwind_Resume
                0x00001fb8        0x8 C:/Program Files (x86)/Arm GNU Toolchain arm-none-eabi/13.2 Rel1/bin/../lib/gcc/arm-none-eabi/13.2.1/thumb/v7e-m/nofp\libgcc.a(unwind-arm.o)
 .ARM.exidx.text.__gnu_Unwind_Resume_or_Rethrow
                0x00001fc0        0x8 C:/Program Files (x86)/Arm GNU Toolchain arm-none-eabi/13.2 Rel1/bin/../lib/gcc/arm-none-eabi/13.2.1/thumb/v7e-m/nofp\libgcc.a(unwind-arm.o)
 .ARM.exidx.text._Unwind_VRS_Get
                0x00001fc8        0x0 C:/Program Files (x86)/Arm GNU Toolchain arm-none-eabi/13.2 Rel1/bin/../lib/gcc/arm-none-eabi/13.2.1/thumb/v7e-m/nofp\libgcc.a(unwind-arm.o)
                                  0x8 (size before relaxing)
 .ARM.exidx.text._Unwind_GetGR
                0x00001fc8        0x0 C:/Program Files (x86)/Arm GNU Toolchain arm-none-eabi/13.2 Rel1/bin/../lib/gcc/arm-none-eabi/13.2.1/thumb/v7e-m/nofp\libgcc.a(unwind-arm.o)
                                  0x8 (size before relaxing)
 .ARM.exidx.text._Unwind_VRS_Set
                0x00001fc8        0x0 C:/Program Files (x86)/Arm GNU Toolchain arm-none-eabi/13.2 Rel1/bin/../lib/gcc/arm-none-eabi/13.2.1/thumb/v7e-m/nofp\libgcc.a(unwind-arm.o)
                                  0x8 (size before relaxing)
 .ARM.exidx.text._Unwind_SetGR
                0x00001fc8        0x0 C:/Program Files (x86)/Arm GNU Toolchain arm-none-eabi/13.2 Rel1/bin/../lib/gcc/arm-none-eabi/13.2.1/thumb/v7e-m/nofp\libgcc.a(unwind-arm.o)
                                  0x8 (size before relaxing)
 .ARM.exidx.text.__gnu_Unwind_Backtrace
                0x00001fc8        0x8 C:/Program Files (x86)/Arm GNU Toolchain arm-none-eabi/13.2 Rel1/bin/../lib/gcc/arm-none-eabi/13.2.1/thumb/v7e-m/nofp\libgcc.a(unwind-arm.o)
 .ARM.exidx.text.__gnu_unwind_pr_common
                0x00001fd0        0x8 C:/Program Files (x86)/Arm GNU Toolchain arm-none-eabi/13.2 Rel1/bin/../lib/gcc/arm-none-eabi/13.2.1/thumb/v7e-m/nofp\libgcc.a(unwind-arm.o)
 .ARM.exidx.text.__aeabi_unwind_cpp_pr0
                0x00001fd8        0x8 C:/Program Files (x86)/Arm GNU Toolchain arm-none-eabi/13.2 Rel1/bin/../lib/gcc/arm-none-eabi/13.2.1/thumb/v7e-m/nofp\libgcc.a(unwind-arm.o)
 .ARM.exidx.text.__aeabi_unwind_cpp_pr1
                0x00001fe0        0x0 C:/Program Files (x86)/Arm GNU Toolchain arm-none-eabi/13.2 Rel1/bin/../lib/gcc/arm-none-eabi/13.2.1/thumb/v7e-m/nofp\libgcc.a(unwind-arm.o)
                                  0x8 (size before relaxing)
 .ARM.exidx.text.__aeabi_unwind_cpp_pr2
                0x00001fe0        0x0 C:/Program Files (x86)/Arm GNU Toolchain arm-none-eabi/13.2 Rel1/bin/../lib/gcc/arm-none-eabi/13.2.1/thumb/v7e-m/nofp\libgcc.a(unwind-arm.o)
                                  0x8 (size before relaxing)
 .ARM.exidx.text._Unwind_VRS_Pop
                0x00001fe0       0x10 C:/Program Files (x86)/Arm GNU Toolchain arm-none-eabi/13.2 Rel1/bin/../lib/gcc/arm-none-eabi/13.2.1/thumb/v7e-m/nofp\libgcc.a(unwind-arm.o)
                                  0x8 (size before relaxing)
 .ARM.exidx.text.next_unwind_byte
                0x00001ff0        0x0 C:/Program Files (x86)/Arm GNU Toolchain arm-none-eabi/13.2 Rel1/bin/../lib/gcc/arm-none-eabi/13.2.1/thumb/v7e-m/nofp\libgcc.a(pr-support.o)
                                  0x8 (size before relaxing)
 .ARM.exidx.text.__gnu_unwind_execute
                0x00001ff0       0x10 C:/Program Files (x86)/Arm GNU Toolchain arm-none-eabi/13.2 Rel1/bin/../lib/gcc/arm-none-eabi/13.2.1/thumb/v7e-m/nofp\libgcc.a(pr-support.o)
                                  0x8 (size before relaxing)
 .ARM.exidx     0x00002000        0x0 C:/Program Files (x86)/Arm GNU Toolchain arm-none-eabi/13.2 Rel1/bin/../lib/gcc/arm-none-eabi/13.2.1/thumb/v7e-m/nofp\libg.a(libc_a-memcpy.o)
                                  0x8 (size before relaxing)
                0x00002000                        __exidx_end = .

.rel.dyn        0x00002000        0x0
 .rel.iplt      0x00002000        0x0 C:/Program Files (x86)/Arm GNU Toolchain arm-none-eabi/13.2 Rel1/bin/../lib/gcc/arm-none-eabi/13.2.1/thumb/v7e-m/nofp/crtbegin.o

.copy.table     0x00002000        0xc
                0x00002000                        . = ALIGN (0x4)
                0x00002000                        __copy_table_start__ = .
                0x00002000        0x4 LONG 0x200c __etext
                0x00002004        0x4 LONG 0x20000000 __data_start__
                0x00002008        0x4 LONG 0x4e ((__data_end__ - __data_start__) / 0x4)
                0x0000200c                        __copy_table_end__ = .

.zero.table     0x0000200c        0x0
                0x0000200c                        . = ALIGN (0x4)
                0x0000200c                        __zero_table_start__ = .
                0x0000200c                        __zero_table_end__ = .
                0x0000200c                        __etext = ALIGN (0x4)

.data           0x20000000      0x138 load address 0x0000200c
                0x20000000                        __data_start__ = .
 *(vtable)
 *(.data)
 *(.data.*)
 .data._impure_ptr
                0x20000000        0x4 C:/Program Files (x86)/Arm GNU Toolchain arm-none-eabi/13.2 Rel1/bin/../lib/gcc/arm-none-eabi/13.2.1/thumb/v7e-m/nofp\libc.a(libc_a-impure.o)
                0x20000000                _impure_ptr
 *fill*         0x20000004        0x4 
 .data._impure_data
                0x20000008      0x120 C:/Program Files (x86)/Arm GNU Toolchain arm-none-eabi/13.2 Rel1/bin/../lib/gcc/arm-none-eabi/13.2.1/thumb/v7e-m/nofp\libc.a(libc_a-impure.o)
                0x20000008                _impure_data
 .data.__atexit_recursive_mutex
                0x20000128        0x4 C:/Program Files (x86)/Arm GNU Toolchain arm-none-eabi/13.2 Rel1/bin/../lib/gcc/arm-none-eabi/13.2.1/thumb/v7e-m/nofp\libc.a(libc_a-__call_atexit.o)
                0x20000128                __atexit_recursive_mutex
                0x2000012c                        . = ALIGN (0x4)
                0x2000012c                        PROVIDE (__preinit_array_start = .)
 *(.preinit_array)
                0x2000012c                        PROVIDE (__preinit_array_end = .)
                0x2000012c                        . = ALIGN (0x4)
                0x2000012c                        PROVIDE (__init_array_start = .)
 *(SORT_BY_NAME(.init_array.*))
 .init_array.00000
                0x2000012c        0x4 C:/Program Files (x86)/Arm GNU Toolchain arm-none-eabi/13.2 Rel1/bin/../lib/gcc/arm-none-eabi/13.2.1/thumb/v7e-m/nofp\libc.a(libc_a-__call_atexit.o)
 *(.init_array)
 .init_array    0x20000130        0x4 C:/Program Files (x86)/Arm GNU Toolchain arm-none-eabi/13.2 Rel1/bin/../lib/gcc/arm-none-eabi/13.2.1/thumb/v7e-m/nofp/crtbegin.o
                0x20000134                        PROVIDE (__init_array_end = .)
                0x20000134                        . = ALIGN (0x4)
                0x20000134                        PROVIDE (__fini_array_start = .)
 *(SORT_BY_NAME(.fini_array.*))
 *(.fini_array)
 .fini_array    0x20000134        0x4 C:/Program Files (x86)/Arm GNU Toolchain arm-none-eabi/13.2 Rel1/bin/../lib/gcc/arm-none-eabi/13.2.1/thumb/v7e-m/nofp/crtbegin.o
                0x20000138                        PROVIDE (__fini_array_end = .)
 *(.jcr*)
                0x20000138                        . = ALIGN (0x4)
                0x20000138                        __data_end__ = .

.tm_clone_table
                0x20000138        0x0 load address 0x00002144
 .tm_clone_table
                0x20000138        0x0 C:/Program Files (x86)/Arm GNU Toolchain arm-none-eabi/13.2 Rel1/bin/../lib/gcc/arm-none-eabi/13.2.1/thumb/v7e-m/nofp/crtbegin.o
 .tm_clone_table
                0x20000138        0x0 C:/Program Files (x86)/Arm GNU Toolchain arm-none-eabi/13.2 Rel1/bin/../lib/gcc/arm-none-eabi/13.2.1/thumb/v7e-m/nofp/crtend.o

.igot.plt       0x20000138        0x0 load address 0x00002144
 .igot.plt      0x20000138        0x0 C:/Program Files (x86)/Arm GNU Toolchain arm-none-eabi/13.2 Rel1/bin/../lib/gcc/arm-none-eabi/13.2.1/thumb/v7e-m/nofp/crtbegin.o

.bss            0x20000138      0x308
                0x20000138                        . = ALIGN (0x4)
                0x20000138                        __bss_start__ = .
 *(.bss)
 *(.bss.*)
 .bss.completed.1
                0x20000138        0x1 C:/Program Files (x86)/Arm GNU Toolchain arm-none-eabi/13.2 Rel1/bin/../lib/gcc/arm-none-eabi/13.2.1/thumb/v7e-m/nofp/crtbegin.o
 *fill*         0x20000139        0x3 
 .bss.object.0  0x2000013c       0x18 C:/Program Files (x86)/Arm GNU Toolchain arm-none-eabi/13.2 Rel1/bin/../lib/gcc/arm-none-eabi/13.2.1/thumb/v7e-m/nofp/crtbegin.o
 .bss.MsgReceivedd
                0x20000154        0x1 CMakeFiles/ECU.dir/Project/Src/it.c.obj
                0x20000154                MsgReceivedd
 *fill*         0x20000155        0x3 
 .bss.msgR      0x20000158       0x14 CMakeFiles/ECU.dir/Project/Src/it.c.obj
                0x20000158                msgR
 .bss.__sf      0x2000016c      0x138 C:/Program Files (x86)/Arm GNU Toolchain arm-none-eabi/13.2 Rel1/bin/../lib/gcc/arm-none-eabi/13.2.1/thumb/v7e-m/nofp\libc.a(libc_a-findfp.o)
                0x2000016c                __sf
 .bss.errno     0x200002a4        0x4 C:/Program Files (x86)/Arm GNU Toolchain arm-none-eabi/13.2 Rel1/bin/../lib/gcc/arm-none-eabi/13.2.1/thumb/v7e-m/nofp\libc.a(libc_a-reent.o)
                0x200002a4                errno
 .bss.__lock___atexit_recursive_mutex
                0x200002a8        0x1 C:/Program Files (x86)/Arm GNU Toolchain arm-none-eabi/13.2 Rel1/bin/../lib/gcc/arm-none-eabi/13.2.1/thumb/v7e-m/nofp\libc.a(libc_a-lock.o)
                0x200002a8                __lock___atexit_recursive_mutex
 *fill*         0x200002a9        0x3 
 .bss.__atexit  0x200002ac        0x4 C:/Program Files (x86)/Arm GNU Toolchain arm-none-eabi/13.2 Rel1/bin/../lib/gcc/arm-none-eabi/13.2.1/thumb/v7e-m/nofp\libc.a(libc_a-__call_atexit.o)
                0x200002ac                __atexit
 .bss.__atexit0
                0x200002b0      0x190 C:/Program Files (x86)/Arm GNU Toolchain arm-none-eabi/13.2 Rel1/bin/../lib/gcc/arm-none-eabi/13.2.1/thumb/v7e-m/nofp\libc.a(libc_a-__atexit.o)
                0x200002b0                __atexit0
 *(COMMON)
                0x20000440                        . = ALIGN (0x4)
                0x20000440                        __bss_end__ = .

.heap           0x20000440     0x4000
                0x20000440                        . = ALIGN (0x8)
                0x20000440                        __end__ = .
                0x20000440                        PROVIDE (end = .)
                0x20004440                        . = (. + __HEAP_SIZE)
 *fill*         0x20000440     0x4000 
                0x20004440                        . = ALIGN (0x8)
                0x20004440                        __HeapLimit = .

.stack          0x20014000     0x4000
                0x20014000                        . = ALIGN (0x8)
                0x20014000                        __StackLimit = .
                0x20018000                        . = (. + __STACK_SIZE)
 *fill*         0x20014000     0x4000 
                0x20018000                        . = ALIGN (0x8)
                0x20018000                        __StackTop = .
                0x20018000                        PROVIDE (__stack = __StackTop)
                0x00000001                        ASSERT ((__StackLimit >= __HeapLimit), region RAM overflowed with stack)

/DISCARD/
 libc_nano.a(*)
 libc.a(*)
 libm.a(*)
 libgcc.a(*)
OUTPUT(ECU.elf elf32-littlearm)
LOAD linker stubs
LOAD C:/Program Files (x86)/Arm GNU Toolchain arm-none-eabi/13.2 Rel1/bin/../lib/gcc/arm-none-eabi/13.2.1/thumb/v7e-m/nofp\libc_nano.a
LOAD C:/Program Files (x86)/Arm GNU Toolchain arm-none-eabi/13.2 Rel1/bin/../lib/gcc/arm-none-eabi/13.2.1/thumb/v7e-m/nofp\libc.a
LOAD C:/Program Files (x86)/Arm GNU Toolchain arm-none-eabi/13.2 Rel1/bin/../lib/gcc/arm-none-eabi/13.2.1/thumb/v7e-m/nofp\libm.a
LOAD C:/Program Files (x86)/Arm GNU Toolchain arm-none-eabi/13.2 Rel1/bin/../lib/gcc/arm-none-eabi/13.2.1/thumb/v7e-m/nofp\libgcc.a

.ARM.attributes
                0x00000000       0x2a
 .ARM.attributes
                0x00000000       0x1e C:/Program Files (x86)/Arm GNU Toolchain arm-none-eabi/13.2 Rel1/bin/../lib/gcc/arm-none-eabi/13.2.1/thumb/v7e-m/nofp/crti.o
 .ARM.attributes
                0x0000001e       0x2e C:/Program Files (x86)/Arm GNU Toolchain arm-none-eabi/13.2 Rel1/bin/../lib/gcc/arm-none-eabi/13.2.1/thumb/v7e-m/nofp/crtbegin.o
 .ARM.attributes
                0x0000004c       0x2e CMakeFiles/ECU.dir/CMSIS/GD/GD32F30x/Source/system_gd32f30x.c.obj
 .ARM.attributes
                0x0000007a       0x2e CMakeFiles/ECU.dir/GD32F30x_standard_peripheral/Source/gd32f30x_can.c.obj
 .ARM.attributes
                0x000000a8       0x2e CMakeFiles/ECU.dir/GD32F30x_standard_peripheral/Source/gd32f30x_gpio.c.obj
 .ARM.attributes
                0x000000d6       0x2e CMakeFiles/ECU.dir/GD32F30x_standard_peripheral/Source/gd32f30x_misc.c.obj
 .ARM.attributes
                0x00000104       0x2e CMakeFiles/ECU.dir/GD32F30x_standard_peripheral/Source/gd32f30x_rcu.c.obj
 .ARM.attributes
                0x00000132       0x2e CMakeFiles/ECU.dir/GD32F30x_standard_peripheral/Source/gd32f30x_spi.c.obj
 .ARM.attributes
                0x00000160       0x2e CMakeFiles/ECU.dir/Periph/CAN/Src/can.cpp.obj
 .ARM.attributes
                0x0000018e       0x2e CMakeFiles/ECU.dir/Periph/GPIO/Src/gpio.cpp.obj
 .ARM.attributes
                0x000001bc       0x2e CMakeFiles/ECU.dir/Periph/SPI/Src/spi.cpp.obj
 .ARM.attributes
                0x000001ea       0x2e CMakeFiles/ECU.dir/Project/Src/app.cpp.obj
 .ARM.attributes
                0x00000218       0x2e CMakeFiles/ECU.dir/Project/Src/it.c.obj
 .ARM.attributes
                0x00000246       0x2e CMakeFiles/ECU.dir/Project/Src/main.c.obj
 .ARM.attributes
                0x00000274       0x21 CMakeFiles/ECU.dir/System/startup_ARMCM4.S.obj
 .ARM.attributes
                0x00000295       0x2e C:/Program Files (x86)/Arm GNU Toolchain arm-none-eabi/13.2 Rel1/bin/../lib/gcc/arm-none-eabi/13.2.1/thumb/v7e-m/nofp\libc.a(libc_a-findfp.o)
 .ARM.attributes
                0x000002c3       0x2e C:/Program Files (x86)/Arm GNU Toolchain arm-none-eabi/13.2 Rel1/bin/../lib/gcc/arm-none-eabi/13.2.1/thumb/v7e-m/nofp\libc.a(libc_a-reent.o)
 .ARM.attributes
                0x000002f1       0x2e C:/Program Files (x86)/Arm GNU Toolchain arm-none-eabi/13.2 Rel1/bin/../lib/gcc/arm-none-eabi/13.2.1/thumb/v7e-m/nofp\libc.a(libc_a-impure.o)
 .ARM.attributes
                0x0000031f       0x2e C:/Program Files (x86)/Arm GNU Toolchain arm-none-eabi/13.2 Rel1/bin/../lib/gcc/arm-none-eabi/13.2.1/thumb/v7e-m/nofp\libc.a(libc_a-lock.o)
 .ARM.attributes
                0x0000034d       0x2e C:/Program Files (x86)/Arm GNU Toolchain arm-none-eabi/13.2 Rel1/bin/../lib/gcc/arm-none-eabi/13.2.1/thumb/v7e-m/nofp\libc.a(libc_a-__call_atexit.o)
 .ARM.attributes
                0x0000037b       0x2e C:/Program Files (x86)/Arm GNU Toolchain arm-none-eabi/13.2 Rel1/bin/../lib/gcc/arm-none-eabi/13.2.1/thumb/v7e-m/nofp\libc.a(libc_a-atexit.o)
 .ARM.attributes
                0x000003a9       0x2e C:/Program Files (x86)/Arm GNU Toolchain arm-none-eabi/13.2 Rel1/bin/../lib/gcc/arm-none-eabi/13.2.1/thumb/v7e-m/nofp\libc.a(libc_a-fini.o)
 .ARM.attributes
                0x000003d7       0x2e C:/Program Files (x86)/Arm GNU Toolchain arm-none-eabi/13.2 Rel1/bin/../lib/gcc/arm-none-eabi/13.2.1/thumb/v7e-m/nofp\libc.a(libc_a-__atexit.o)
 .ARM.attributes
                0x00000405       0x2e C:/Program Files (x86)/Arm GNU Toolchain arm-none-eabi/13.2 Rel1/bin/../lib/gcc/arm-none-eabi/13.2.1/thumb/v7e-m/nofp\libgcc.a(unwind-arm.o)
 .ARM.attributes
                0x00000433       0x1e C:/Program Files (x86)/Arm GNU Toolchain arm-none-eabi/13.2 Rel1/bin/../lib/gcc/arm-none-eabi/13.2.1/thumb/v7e-m/nofp\libgcc.a(libunwind.o)
 .ARM.attributes
                0x00000451       0x2e C:/Program Files (x86)/Arm GNU Toolchain arm-none-eabi/13.2 Rel1/bin/../lib/gcc/arm-none-eabi/13.2.1/thumb/v7e-m/nofp\libgcc.a(pr-support.o)
 .ARM.attributes
                0x0000047f       0x2e C:/Program Files (x86)/Arm GNU Toolchain arm-none-eabi/13.2 Rel1/bin/../lib/gcc/arm-none-eabi/13.2.1/thumb/v7e-m/nofp\libg.a(libc_a-abort.o)
 .ARM.attributes
                0x000004ad       0x2e C:/Program Files (x86)/Arm GNU Toolchain arm-none-eabi/13.2 Rel1/bin/../lib/gcc/arm-none-eabi/13.2.1/thumb/v7e-m/nofp\libg.a(libc_a-signal.o)
 .ARM.attributes
                0x000004db       0x2e C:/Program Files (x86)/Arm GNU Toolchain arm-none-eabi/13.2 Rel1/bin/../lib/gcc/arm-none-eabi/13.2.1/thumb/v7e-m/nofp\libg.a(libc_a-signalr.o)
 .ARM.attributes
                0x00000509       0x1c C:/Program Files (x86)/Arm GNU Toolchain arm-none-eabi/13.2 Rel1/bin/../lib/gcc/arm-none-eabi/13.2.1/thumb/v7e-m/nofp\libg.a(libc_a-memcpy.o)
 .ARM.attributes
                0x00000525       0x2e C:/Program Files (x86)/Arm GNU Toolchain arm-none-eabi/13.2 Rel1/bin/../lib/gcc/arm-none-eabi/13.2.1/thumb/v7e-m/nofp\libnosys.a(getpid.o)
 .ARM.attributes
                0x00000553       0x2e C:/Program Files (x86)/Arm GNU Toolchain arm-none-eabi/13.2 Rel1/bin/../lib/gcc/arm-none-eabi/13.2.1/thumb/v7e-m/nofp\libnosys.a(kill.o)
 .ARM.attributes
                0x00000581       0x2e C:/Program Files (x86)/Arm GNU Toolchain arm-none-eabi/13.2 Rel1/bin/../lib/gcc/arm-none-eabi/13.2.1/thumb/v7e-m/nofp\libnosys.a(_exit.o)
 .ARM.attributes
                0x000005af       0x2e C:/Program Files (x86)/Arm GNU Toolchain arm-none-eabi/13.2 Rel1/bin/../lib/gcc/arm-none-eabi/13.2.1/thumb/v7e-m/nofp/crtend.o
 .ARM.attributes
                0x000005dd       0x1e C:/Program Files (x86)/Arm GNU Toolchain arm-none-eabi/13.2 Rel1/bin/../lib/gcc/arm-none-eabi/13.2.1/thumb/v7e-m/nofp/crtn.o

.comment        0x00000000       0x44
 .comment       0x00000000       0x44 CMakeFiles/ECU.dir/CMSIS/GD/GD32F30x/Source/system_gd32f30x.c.obj
                                 0x45 (size before relaxing)
 .comment       0x00000044       0x45 CMakeFiles/ECU.dir/GD32F30x_standard_peripheral/Source/gd32f30x_can.c.obj
 .comment       0x00000044       0x45 CMakeFiles/ECU.dir/GD32F30x_standard_peripheral/Source/gd32f30x_gpio.c.obj
 .comment       0x00000044       0x45 CMakeFiles/ECU.dir/GD32F30x_standard_peripheral/Source/gd32f30x_misc.c.obj
 .comment       0x00000044       0x45 CMakeFiles/ECU.dir/GD32F30x_standard_peripheral/Source/gd32f30x_rcu.c.obj
 .comment       0x00000044       0x45 CMakeFiles/ECU.dir/GD32F30x_standard_peripheral/Source/gd32f30x_spi.c.obj
 .comment       0x00000044       0x45 CMakeFiles/ECU.dir/Periph/CAN/Src/can.cpp.obj
 .comment       0x00000044       0x45 CMakeFiles/ECU.dir/Periph/GPIO/Src/gpio.cpp.obj
 .comment       0x00000044       0x45 CMakeFiles/ECU.dir/Periph/SPI/Src/spi.cpp.obj
 .comment       0x00000044       0x45 CMakeFiles/ECU.dir/Project/Src/app.cpp.obj
 .comment       0x00000044       0x45 CMakeFiles/ECU.dir/Project/Src/it.c.obj
 .comment       0x00000044       0x45 CMakeFiles/ECU.dir/Project/Src/main.c.obj

.debug_info     0x00000000     0x5e4d
 .debug_info    0x00000000      0x299 CMakeFiles/ECU.dir/CMSIS/GD/GD32F30x/Source/system_gd32f30x.c.obj
 .debug_info    0x00000299      0xf70 CMakeFiles/ECU.dir/GD32F30x_standard_peripheral/Source/gd32f30x_can.c.obj
 .debug_info    0x00001209      0x82e CMakeFiles/ECU.dir/GD32F30x_standard_peripheral/Source/gd32f30x_gpio.c.obj
 .debug_info    0x00001a37      0x52d CMakeFiles/ECU.dir/GD32F30x_standard_peripheral/Source/gd32f30x_misc.c.obj
 .debug_info    0x00001f64     0x10ec CMakeFiles/ECU.dir/GD32F30x_standard_peripheral/Source/gd32f30x_rcu.c.obj
 .debug_info    0x00003050      0xb17 CMakeFiles/ECU.dir/GD32F30x_standard_peripheral/Source/gd32f30x_spi.c.obj
 .debug_info    0x00003b67      0x6f7 CMakeFiles/ECU.dir/Periph/CAN/Src/can.cpp.obj
 .debug_info    0x0000425e      0x2ef CMakeFiles/ECU.dir/Periph/GPIO/Src/gpio.cpp.obj
 .debug_info    0x0000454d      0x26e CMakeFiles/ECU.dir/Periph/SPI/Src/spi.cpp.obj
 .debug_info    0x000047bb      0xe07 CMakeFiles/ECU.dir/Project/Src/app.cpp.obj
 .debug_info    0x000055c2      0x1db CMakeFiles/ECU.dir/Project/Src/it.c.obj
 .debug_info    0x0000579d      0x2a1 CMakeFiles/ECU.dir/Project/Src/main.c.obj
 .debug_info    0x00005a3e      0x40f CMakeFiles/ECU.dir/System/startup_ARMCM4.S.obj

.debug_abbrev   0x00000000     0x1546
 .debug_abbrev  0x00000000      0x159 CMakeFiles/ECU.dir/CMSIS/GD/GD32F30x/Source/system_gd32f30x.c.obj
 .debug_abbrev  0x00000159      0x228 CMakeFiles/ECU.dir/GD32F30x_standard_peripheral/Source/gd32f30x_can.c.obj
 .debug_abbrev  0x00000381      0x203 CMakeFiles/ECU.dir/GD32F30x_standard_peripheral/Source/gd32f30x_gpio.c.obj
 .debug_abbrev  0x00000584      0x170 CMakeFiles/ECU.dir/GD32F30x_standard_peripheral/Source/gd32f30x_misc.c.obj
 .debug_abbrev  0x000006f4      0x1a9 CMakeFiles/ECU.dir/GD32F30x_standard_peripheral/Source/gd32f30x_rcu.c.obj
 .debug_abbrev  0x0000089d      0x1fa CMakeFiles/ECU.dir/GD32F30x_standard_peripheral/Source/gd32f30x_spi.c.obj
 .debug_abbrev  0x00000a97      0x25f CMakeFiles/ECU.dir/Periph/CAN/Src/can.cpp.obj
 .debug_abbrev  0x00000cf6      0x1b7 CMakeFiles/ECU.dir/Periph/GPIO/Src/gpio.cpp.obj
 .debug_abbrev  0x00000ead      0x18c CMakeFiles/ECU.dir/Periph/SPI/Src/spi.cpp.obj
 .debug_abbrev  0x00001039      0x310 CMakeFiles/ECU.dir/Project/Src/app.cpp.obj
 .debug_abbrev  0x00001349      0x119 CMakeFiles/ECU.dir/Project/Src/it.c.obj
 .debug_abbrev  0x00001462       0xbc CMakeFiles/ECU.dir/Project/Src/main.c.obj
 .debug_abbrev  0x0000151e       0x28 CMakeFiles/ECU.dir/System/startup_ARMCM4.S.obj

.debug_loclists
                0x00000000     0x1eb8
 .debug_loclists
                0x00000000      0x14b CMakeFiles/ECU.dir/CMSIS/GD/GD32F30x/Source/system_gd32f30x.c.obj
 .debug_loclists
                0x0000014b      0x841 CMakeFiles/ECU.dir/GD32F30x_standard_peripheral/Source/gd32f30x_can.c.obj
 .debug_loclists
                0x0000098c      0x4b6 CMakeFiles/ECU.dir/GD32F30x_standard_peripheral/Source/gd32f30x_gpio.c.obj
 .debug_loclists
                0x00000e42      0x202 CMakeFiles/ECU.dir/GD32F30x_standard_peripheral/Source/gd32f30x_misc.c.obj
 .debug_loclists
                0x00001044      0x812 CMakeFiles/ECU.dir/GD32F30x_standard_peripheral/Source/gd32f30x_rcu.c.obj
 .debug_loclists
                0x00001856      0x3c9 CMakeFiles/ECU.dir/GD32F30x_standard_peripheral/Source/gd32f30x_spi.c.obj
 .debug_loclists
                0x00001c1f       0xe6 CMakeFiles/ECU.dir/Periph/CAN/Src/can.cpp.obj
 .debug_loclists
                0x00001d05       0xc6 CMakeFiles/ECU.dir/Periph/GPIO/Src/gpio.cpp.obj
 .debug_loclists
                0x00001dcb       0x4d CMakeFiles/ECU.dir/Periph/SPI/Src/spi.cpp.obj
 .debug_loclists
                0x00001e18       0xa0 CMakeFiles/ECU.dir/Project/Src/app.cpp.obj

.debug_aranges  0x00000000      0x630
 .debug_aranges
                0x00000000       0x38 CMakeFiles/ECU.dir/CMSIS/GD/GD32F30x/Source/system_gd32f30x.c.obj
 .debug_aranges
                0x00000038       0xe8 CMakeFiles/ECU.dir/GD32F30x_standard_peripheral/Source/gd32f30x_can.c.obj
 .debug_aranges
                0x00000120       0xb8 CMakeFiles/ECU.dir/GD32F30x_standard_peripheral/Source/gd32f30x_gpio.c.obj
 .debug_aranges
                0x000001d8       0x50 CMakeFiles/ECU.dir/GD32F30x_standard_peripheral/Source/gd32f30x_misc.c.obj
 .debug_aranges
                0x00000228      0x178 CMakeFiles/ECU.dir/GD32F30x_standard_peripheral/Source/gd32f30x_rcu.c.obj
 .debug_aranges
                0x000003a0      0x158 CMakeFiles/ECU.dir/GD32F30x_standard_peripheral/Source/gd32f30x_spi.c.obj
 .debug_aranges
                0x000004f8       0x50 CMakeFiles/ECU.dir/Periph/CAN/Src/can.cpp.obj
 .debug_aranges
                0x00000548       0x30 CMakeFiles/ECU.dir/Periph/GPIO/Src/gpio.cpp.obj
 .debug_aranges
                0x00000578       0x30 CMakeFiles/ECU.dir/Periph/SPI/Src/spi.cpp.obj
 .debug_aranges
                0x000005a8       0x28 CMakeFiles/ECU.dir/Project/Src/app.cpp.obj
 .debug_aranges
                0x000005d0       0x20 CMakeFiles/ECU.dir/Project/Src/it.c.obj
 .debug_aranges
                0x000005f0       0x20 CMakeFiles/ECU.dir/Project/Src/main.c.obj
 .debug_aranges
                0x00000610       0x20 CMakeFiles/ECU.dir/System/startup_ARMCM4.S.obj

.debug_rnglists
                0x00000000      0x490
 .debug_rnglists
                0x00000000       0x28 CMakeFiles/ECU.dir/CMSIS/GD/GD32F30x/Source/system_gd32f30x.c.obj
 .debug_rnglists
                0x00000028       0xaf CMakeFiles/ECU.dir/GD32F30x_standard_peripheral/Source/gd32f30x_can.c.obj
 .debug_rnglists
                0x000000d7       0x87 CMakeFiles/ECU.dir/GD32F30x_standard_peripheral/Source/gd32f30x_gpio.c.obj
 .debug_rnglists
                0x0000015e       0x38 CMakeFiles/ECU.dir/GD32F30x_standard_peripheral/Source/gd32f30x_misc.c.obj
 .debug_rnglists
                0x00000196      0x117 CMakeFiles/ECU.dir/GD32F30x_standard_peripheral/Source/gd32f30x_rcu.c.obj
 .debug_rnglists
                0x000002ad       0xfe CMakeFiles/ECU.dir/GD32F30x_standard_peripheral/Source/gd32f30x_spi.c.obj
 .debug_rnglists
                0x000003ab       0x37 CMakeFiles/ECU.dir/Periph/CAN/Src/can.cpp.obj
 .debug_rnglists
                0x000003e2       0x1f CMakeFiles/ECU.dir/Periph/GPIO/Src/gpio.cpp.obj
 .debug_rnglists
                0x00000401       0x1f CMakeFiles/ECU.dir/Periph/SPI/Src/spi.cpp.obj
 .debug_rnglists
                0x00000420       0x4a CMakeFiles/ECU.dir/Project/Src/app.cpp.obj
 .debug_rnglists
                0x0000046a       0x13 CMakeFiles/ECU.dir/Project/Src/it.c.obj
 .debug_rnglists
                0x0000047d       0x13 CMakeFiles/ECU.dir/Project/Src/main.c.obj

.debug_line     0x00000000     0x4250
 .debug_line    0x00000000      0x55a CMakeFiles/ECU.dir/CMSIS/GD/GD32F30x/Source/system_gd32f30x.c.obj
 .debug_line    0x0000055a      0xd7b CMakeFiles/ECU.dir/GD32F30x_standard_peripheral/Source/gd32f30x_can.c.obj
 .debug_line    0x000012d5      0x704 CMakeFiles/ECU.dir/GD32F30x_standard_peripheral/Source/gd32f30x_gpio.c.obj
 .debug_line    0x000019d9      0x35c CMakeFiles/ECU.dir/GD32F30x_standard_peripheral/Source/gd32f30x_misc.c.obj
 .debug_line    0x00001d35      0xce8 CMakeFiles/ECU.dir/GD32F30x_standard_peripheral/Source/gd32f30x_rcu.c.obj
 .debug_line    0x00002a1d      0x98d CMakeFiles/ECU.dir/GD32F30x_standard_peripheral/Source/gd32f30x_spi.c.obj
 .debug_line    0x000033aa      0x283 CMakeFiles/ECU.dir/Periph/CAN/Src/can.cpp.obj
 .debug_line    0x0000362d      0x225 CMakeFiles/ECU.dir/Periph/GPIO/Src/gpio.cpp.obj
 .debug_line    0x00003852      0x1db CMakeFiles/ECU.dir/Periph/SPI/Src/spi.cpp.obj
 .debug_line    0x00003a2d      0x50b CMakeFiles/ECU.dir/Project/Src/app.cpp.obj
 .debug_line    0x00003f38      0x1df CMakeFiles/ECU.dir/Project/Src/it.c.obj
 .debug_line    0x00004117       0xc2 CMakeFiles/ECU.dir/Project/Src/main.c.obj
 .debug_line    0x000041d9       0x77 CMakeFiles/ECU.dir/System/startup_ARMCM4.S.obj

.debug_str      0x00000000     0x3322
 .debug_str     0x00000000     0x3322 CMakeFiles/ECU.dir/CMSIS/GD/GD32F30x/Source/system_gd32f30x.c.obj
                                0x275 (size before relaxing)
 .debug_str     0x00003322      0xf56 CMakeFiles/ECU.dir/GD32F30x_standard_peripheral/Source/gd32f30x_can.c.obj
 .debug_str     0x00003322      0x679 CMakeFiles/ECU.dir/GD32F30x_standard_peripheral/Source/gd32f30x_gpio.c.obj
 .debug_str     0x00003322      0x396 CMakeFiles/ECU.dir/GD32F30x_standard_peripheral/Source/gd32f30x_misc.c.obj
 .debug_str     0x00003322      0xfcf CMakeFiles/ECU.dir/GD32F30x_standard_peripheral/Source/gd32f30x_rcu.c.obj
 .debug_str     0x00003322      0x89c CMakeFiles/ECU.dir/GD32F30x_standard_peripheral/Source/gd32f30x_spi.c.obj
 .debug_str     0x00003322      0x5f8 CMakeFiles/ECU.dir/Periph/CAN/Src/can.cpp.obj
 .debug_str     0x00003322      0x277 CMakeFiles/ECU.dir/Periph/GPIO/Src/gpio.cpp.obj
 .debug_str     0x00003322      0x296 CMakeFiles/ECU.dir/Periph/SPI/Src/spi.cpp.obj
 .debug_str     0x00003322      0xcdd CMakeFiles/ECU.dir/Project/Src/app.cpp.obj
 .debug_str     0x00003322      0x223 CMakeFiles/ECU.dir/Project/Src/it.c.obj
 .debug_str     0x00003322      0x36b CMakeFiles/ECU.dir/Project/Src/main.c.obj
 .debug_str     0x00003322      0x64d CMakeFiles/ECU.dir/System/startup_ARMCM4.S.obj

.debug_frame    0x00000000     0x14cc
 .debug_frame   0x00000000       0x70 CMakeFiles/ECU.dir/CMSIS/GD/GD32F30x/Source/system_gd32f30x.c.obj
 .debug_frame   0x00000070      0x200 CMakeFiles/ECU.dir/GD32F30x_standard_peripheral/Source/gd32f30x_can.c.obj
 .debug_frame   0x00000270      0x188 CMakeFiles/ECU.dir/GD32F30x_standard_peripheral/Source/gd32f30x_gpio.c.obj
 .debug_frame   0x000003f8       0x8c CMakeFiles/ECU.dir/GD32F30x_standard_peripheral/Source/gd32f30x_misc.c.obj
 .debug_frame   0x00000484      0x2f4 CMakeFiles/ECU.dir/GD32F30x_standard_peripheral/Source/gd32f30x_rcu.c.obj
 .debug_frame   0x00000778      0x2b4 CMakeFiles/ECU.dir/GD32F30x_standard_peripheral/Source/gd32f30x_spi.c.obj
 .debug_frame   0x00000a2c       0xac CMakeFiles/ECU.dir/Periph/CAN/Src/can.cpp.obj
 .debug_frame   0x00000ad8       0x58 CMakeFiles/ECU.dir/Periph/GPIO/Src/gpio.cpp.obj
 .debug_frame   0x00000b30       0x50 CMakeFiles/ECU.dir/Periph/SPI/Src/spi.cpp.obj
 .debug_frame   0x00000b80       0x48 CMakeFiles/ECU.dir/Project/Src/app.cpp.obj
 .debug_frame   0x00000bc8       0x28 CMakeFiles/ECU.dir/Project/Src/it.c.obj
 .debug_frame   0x00000bf0       0x28 CMakeFiles/ECU.dir/Project/Src/main.c.obj
 .debug_frame   0x00000c18      0x13c C:/Program Files (x86)/Arm GNU Toolchain arm-none-eabi/13.2 Rel1/bin/../lib/gcc/arm-none-eabi/13.2.1/thumb/v7e-m/nofp\libc.a(libc_a-findfp.o)
 .debug_frame   0x00000d54       0x3c C:/Program Files (x86)/Arm GNU Toolchain arm-none-eabi/13.2 Rel1/bin/../lib/gcc/arm-none-eabi/13.2.1/thumb/v7e-m/nofp\libc.a(libc_a-reent.o)
 .debug_frame   0x00000d90       0xb0 C:/Program Files (x86)/Arm GNU Toolchain arm-none-eabi/13.2 Rel1/bin/../lib/gcc/arm-none-eabi/13.2.1/thumb/v7e-m/nofp\libc.a(libc_a-lock.o)
 .debug_frame   0x00000e40       0x5c C:/Program Files (x86)/Arm GNU Toolchain arm-none-eabi/13.2 Rel1/bin/../lib/gcc/arm-none-eabi/13.2.1/thumb/v7e-m/nofp\libc.a(libc_a-__call_atexit.o)
 .debug_frame   0x00000e9c       0x20 C:/Program Files (x86)/Arm GNU Toolchain arm-none-eabi/13.2 Rel1/bin/../lib/gcc/arm-none-eabi/13.2.1/thumb/v7e-m/nofp\libc.a(libc_a-atexit.o)
 .debug_frame   0x00000ebc       0x34 C:/Program Files (x86)/Arm GNU Toolchain arm-none-eabi/13.2 Rel1/bin/../lib/gcc/arm-none-eabi/13.2.1/thumb/v7e-m/nofp\libc.a(libc_a-fini.o)
 .debug_frame   0x00000ef0       0x34 C:/Program Files (x86)/Arm GNU Toolchain arm-none-eabi/13.2 Rel1/bin/../lib/gcc/arm-none-eabi/13.2.1/thumb/v7e-m/nofp\libc.a(libc_a-__atexit.o)
 .debug_frame   0x00000f24      0x2c8 C:/Program Files (x86)/Arm GNU Toolchain arm-none-eabi/13.2 Rel1/bin/../lib/gcc/arm-none-eabi/13.2.1/thumb/v7e-m/nofp\libgcc.a(unwind-arm.o)
 .debug_frame   0x000011ec      0x104 C:/Program Files (x86)/Arm GNU Toolchain arm-none-eabi/13.2 Rel1/bin/../lib/gcc/arm-none-eabi/13.2.1/thumb/v7e-m/nofp\libgcc.a(pr-support.o)
 .debug_frame   0x000012f0       0x28 C:/Program Files (x86)/Arm GNU Toolchain arm-none-eabi/13.2 Rel1/bin/../lib/gcc/arm-none-eabi/13.2.1/thumb/v7e-m/nofp\libg.a(libc_a-abort.o)
 .debug_frame   0x00001318      0x118 C:/Program Files (x86)/Arm GNU Toolchain arm-none-eabi/13.2 Rel1/bin/../lib/gcc/arm-none-eabi/13.2.1/thumb/v7e-m/nofp\libg.a(libc_a-signal.o)
 .debug_frame   0x00001430       0x3c C:/Program Files (x86)/Arm GNU Toolchain arm-none-eabi/13.2 Rel1/bin/../lib/gcc/arm-none-eabi/13.2.1/thumb/v7e-m/nofp\libg.a(libc_a-signalr.o)
 .debug_frame   0x0000146c       0x20 C:/Program Files (x86)/Arm GNU Toolchain arm-none-eabi/13.2 Rel1/bin/../lib/gcc/arm-none-eabi/13.2.1/thumb/v7e-m/nofp\libnosys.a(getpid.o)
 .debug_frame   0x0000148c       0x20 C:/Program Files (x86)/Arm GNU Toolchain arm-none-eabi/13.2 Rel1/bin/../lib/gcc/arm-none-eabi/13.2.1/thumb/v7e-m/nofp\libnosys.a(kill.o)
 .debug_frame   0x000014ac       0x20 C:/Program Files (x86)/Arm GNU Toolchain arm-none-eabi/13.2 Rel1/bin/../lib/gcc/arm-none-eabi/13.2.1/thumb/v7e-m/nofp\libnosys.a(_exit.o)

.debug_line_str
                0x00000000      0x1e0
 .debug_line_str
                0x00000000      0x1e0 CMakeFiles/ECU.dir/System/startup_ARMCM4.S.obj
                                 0x36 (size before relaxing)
 .debug_line_str
                0x000001e0       0xca C:/Program Files (x86)/Arm GNU Toolchain arm-none-eabi/13.2 Rel1/bin/../lib/gcc/arm-none-eabi/13.2.1/thumb/v7e-m/nofp\libgcc.a(libunwind.o)
 .debug_line_str
                0x000001e0       0xe0 C:/Program Files (x86)/Arm GNU Toolchain arm-none-eabi/13.2 Rel1/bin/../lib/gcc/arm-none-eabi/13.2.1/thumb/v7e-m/nofp\libg.a(libc_a-memcpy.o)
